Component: ARM Compiler 5.06 update 7 (build 960) Tool: armlink [4d3601]

==============================================================================

Section Cross References

    main.o(i.main) refers to misc.o(i.NVIC_PriorityGroupConfig) for NVIC_PriorityGroupConfig
    main.o(i.main) refers to usart.o(i.uart_init) for uart_init
    main.o(i.main) refers to delay.o(i.delay_init) for delay_init
    main.o(i.main) refers to led.o(i.LED_Init) for LED_Init
    main.o(i.main) refers to mpu6050.o(i.MPU_Init) for MPU_Init
    main.o(i.main) refers to delay.o(i.delay_ms) for delay_ms
    main.o(i.main) refers to inv_mpu.o(i.mpu_dmp_init) for mpu_dmp_init
    main.o(i.main) refers to inv_mpu.o(i.mpu_dmp_get_data) for mpu_dmp_get_data
    main.o(i.main) refers to fmul.o(x$fpl$fmul) for __aeabi_fmul
    main.o(i.main) refers to ffix.o(x$fpl$ffix) for __aeabi_f2iz
    main.o(i.main) refers to nmswj.o(i.SEND_OULA_ANGLE) for SEND_OULA_ANGLE
    system_stm32f10x.o(i.SetSysClock) refers to system_stm32f10x.o(i.SetSysClockTo72) for SetSysClockTo72
    system_stm32f10x.o(i.SystemCoreClockUpdate) refers to system_stm32f10x.o(.data) for SystemCoreClock
    system_stm32f10x.o(i.SystemInit) refers to system_stm32f10x.o(i.SetSysClock) for SetSysClock
    led.o(i.LED_Init) refers to stm32f10x_rcc.o(i.RCC_APB2PeriphClockCmd) for RCC_APB2PeriphClockCmd
    led.o(i.LED_Init) refers to stm32f10x_gpio.o(i.GPIO_Init) for GPIO_Init
    led.o(i.LED_Init) refers to stm32f10x_gpio.o(i.GPIO_SetBits) for GPIO_SetBits
    mpuiic.o(i.MPU_IIC_Ack) refers to mpuiic.o(i.MPU_IIC_Delay) for MPU_IIC_Delay
    mpuiic.o(i.MPU_IIC_Delay) refers to delay.o(i.delay_us) for delay_us
    mpuiic.o(i.MPU_IIC_Init) refers to stm32f10x_rcc.o(i.RCC_APB2PeriphClockCmd) for RCC_APB2PeriphClockCmd
    mpuiic.o(i.MPU_IIC_Init) refers to stm32f10x_gpio.o(i.GPIO_Init) for GPIO_Init
    mpuiic.o(i.MPU_IIC_Init) refers to stm32f10x_gpio.o(i.GPIO_SetBits) for GPIO_SetBits
    mpuiic.o(i.MPU_IIC_NAck) refers to mpuiic.o(i.MPU_IIC_Delay) for MPU_IIC_Delay
    mpuiic.o(i.MPU_IIC_Read_Byte) refers to mpuiic.o(i.MPU_IIC_Delay) for MPU_IIC_Delay
    mpuiic.o(i.MPU_IIC_Read_Byte) refers to mpuiic.o(i.MPU_IIC_NAck) for MPU_IIC_NAck
    mpuiic.o(i.MPU_IIC_Read_Byte) refers to mpuiic.o(i.MPU_IIC_Ack) for MPU_IIC_Ack
    mpuiic.o(i.MPU_IIC_Send_Byte) refers to mpuiic.o(i.MPU_IIC_Delay) for MPU_IIC_Delay
    mpuiic.o(i.MPU_IIC_Start) refers to mpuiic.o(i.MPU_IIC_Delay) for MPU_IIC_Delay
    mpuiic.o(i.MPU_IIC_Stop) refers to mpuiic.o(i.MPU_IIC_Delay) for MPU_IIC_Delay
    mpuiic.o(i.MPU_IIC_Wait_Ack) refers to mpuiic.o(i.MPU_IIC_Delay) for MPU_IIC_Delay
    mpuiic.o(i.MPU_IIC_Wait_Ack) refers to mpuiic.o(i.MPU_IIC_Stop) for MPU_IIC_Stop
    mpu6050.o(i.MPU_Get_Accelerometer) refers to mpu6050.o(i.MPU_Read_Len) for MPU_Read_Len
    mpu6050.o(i.MPU_Get_Gyroscope) refers to mpu6050.o(i.MPU_Read_Len) for MPU_Read_Len
    mpu6050.o(i.MPU_Get_Temperature) refers to mpu6050.o(i.MPU_Read_Len) for MPU_Read_Len
    mpu6050.o(i.MPU_Get_Temperature) refers to dflt_clz.o(x$fpl$dflt) for __aeabi_i2d
    mpu6050.o(i.MPU_Get_Temperature) refers to ddiv.o(x$fpl$ddiv) for __aeabi_ddiv
    mpu6050.o(i.MPU_Get_Temperature) refers to daddsub_clz.o(x$fpl$dadd) for __aeabi_dadd
    mpu6050.o(i.MPU_Get_Temperature) refers to d2f.o(x$fpl$d2f) for __aeabi_d2f
    mpu6050.o(i.MPU_Get_Temperature) refers to fmul.o(x$fpl$fmul) for __aeabi_fmul
    mpu6050.o(i.MPU_Get_Temperature) refers to ffix.o(x$fpl$ffix) for __aeabi_f2iz
    mpu6050.o(i.MPU_Init) refers to stm32f10x_rcc.o(i.RCC_APB2PeriphClockCmd) for RCC_APB2PeriphClockCmd
    mpu6050.o(i.MPU_Init) refers to stm32f10x_gpio.o(i.GPIO_Init) for GPIO_Init
    mpu6050.o(i.MPU_Init) refers to stm32f10x_gpio.o(i.GPIO_PinRemapConfig) for GPIO_PinRemapConfig
    mpu6050.o(i.MPU_Init) refers to mpuiic.o(i.MPU_IIC_Init) for MPU_IIC_Init
    mpu6050.o(i.MPU_Init) refers to mpu6050.o(i.MPU_Write_Byte) for MPU_Write_Byte
    mpu6050.o(i.MPU_Init) refers to delay.o(i.delay_ms) for delay_ms
    mpu6050.o(i.MPU_Init) refers to mpu6050.o(i.MPU_Set_Gyro_Fsr) for MPU_Set_Gyro_Fsr
    mpu6050.o(i.MPU_Init) refers to mpu6050.o(i.MPU_Set_Accel_Fsr) for MPU_Set_Accel_Fsr
    mpu6050.o(i.MPU_Init) refers to mpu6050.o(i.MPU_Set_Rate) for MPU_Set_Rate
    mpu6050.o(i.MPU_Init) refers to mpu6050.o(i.MPU_Read_Byte) for MPU_Read_Byte
    mpu6050.o(i.MPU_Read_Byte) refers to mpuiic.o(i.MPU_IIC_Start) for MPU_IIC_Start
    mpu6050.o(i.MPU_Read_Byte) refers to mpuiic.o(i.MPU_IIC_Send_Byte) for MPU_IIC_Send_Byte
    mpu6050.o(i.MPU_Read_Byte) refers to mpuiic.o(i.MPU_IIC_Wait_Ack) for MPU_IIC_Wait_Ack
    mpu6050.o(i.MPU_Read_Byte) refers to mpuiic.o(i.MPU_IIC_Read_Byte) for MPU_IIC_Read_Byte
    mpu6050.o(i.MPU_Read_Byte) refers to mpuiic.o(i.MPU_IIC_Stop) for MPU_IIC_Stop
    mpu6050.o(i.MPU_Read_Len) refers to mpuiic.o(i.MPU_IIC_Start) for MPU_IIC_Start
    mpu6050.o(i.MPU_Read_Len) refers to mpuiic.o(i.MPU_IIC_Send_Byte) for MPU_IIC_Send_Byte
[...]
    i.NMI_Handler                            0x08000eda   Section        0  stm32f10x_it.o(i.NMI_Handler)
    i.NVIC_Init                              0x08000edc   Section        0  misc.o(i.NVIC_Init)
    i.NVIC_PriorityGroupConfig               0x08000f4c   Section        0  misc.o(i.NVIC_PriorityGroupConfig)
    i.PendSV_Handler                         0x08000f60   Section        0  stm32f10x_it.o(i.PendSV_Handler)
    i.RCC_APB2PeriphClockCmd                 0x08000f64   Section        0  stm32f10x_rcc.o(i.RCC_APB2PeriphClockCmd)
    i.RCC_GetClocksFreq                      0x08000f84   Section        0  stm32f10x_rcc.o(i.RCC_GetClocksFreq)
    i.SEND_OULA_ANGLE                        0x08001058   Section        0  nmswj.o(i.SEND_OULA_ANGLE)
    i.SVC_Handler                            0x080010ec   Section        0  stm32f10x_it.o(i.SVC_Handler)
    i.SetSysClock                            0x080010ee   Section        0  system_stm32f10x.o(i.SetSysClock)
    SetSysClock                              0x080010ef   Thumb Code     8  system_stm32f10x.o(i.SetSysClock)
    i.SetSysClockTo72                        0x080010f8   Section        0  system_stm32f10x.o(i.SetSysClockTo72)
    SetSysClockTo72                          0x080010f9   Thumb Code   214  system_stm32f10x.o(i.SetSysClockTo72)
    i.SysTick_CLKSourceConfig                0x080011d8   Section        0  misc.o(i.SysTick_CLKSourceConfig)
    i.SysTick_Handler                        0x08001200   Section        0  stm32f10x_it.o(i.SysTick_Handler)
    i.SystemInit                             0x08001204   Section        0  system_stm32f10x.o(i.SystemInit)
    i.USART1_IRQHandler                      0x08001264   Section        0  usart.o(i.USART1_IRQHandler)
    i.USART1_SEND_BUF_U8                     0x080012ec   Section        0  usart.o(i.USART1_SEND_BUF_U8)
    i.USART1_SEND_DATA_U8                    0x08001308   Section        0  usart.o(i.USART1_SEND_DATA_U8)
    i.USART_Cmd                              0x08001328   Section        0  stm32f10x_usart.o(i.USART_Cmd)
    i.USART_GetFlagStatus                    0x08001340   Section        0  stm32f10x_usart.o(i.USART_GetFlagStatus)
    i.USART_GetITStatus                      0x0800135a   Section        0  stm32f10x_usart.o(i.USART_GetITStatus)
    i.USART_ITConfig                         0x080013ae   Section        0  stm32f10x_usart.o(i.USART_ITConfig)
    i.USART_Init                             0x080013f8   Section        0  stm32f10x_usart.o(i.USART_Init)
    i.USART_ReceiveData                      0x080014d0   Section        0  stm32f10x_usart.o(i.USART_ReceiveData)
    i.USART_SendData                         0x080014da   Section        0  stm32f10x_usart.o(i.USART_SendData)
    i.UsageFault_Handler                     0x080014e2   Section        0  stm32f10x_it.o(i.UsageFault_Handler)
    i.__ARM_fpclassify                       0x080014e6   Section        0  fpclassify.o(i.__ARM_fpclassify)
    i.__kernel_poly                          0x0800150e   Section        0  poly.o(i.__kernel_poly)
    i.__mathlib_dbl_infnan                   0x080015b8   Section        0  dunder.o(i.__mathlib_dbl_infnan)
    i.__mathlib_dbl_infnan2                  0x080015be   Section        0  dunder.o(i.__mathlib_dbl_infnan2)
    i.__mathlib_dbl_invalid                  0x080015c2   Section        0  dunder.o(i.__mathlib_dbl_invalid)
    i.__mathlib_dbl_underflow                0x080015d0   Section        0  dunder.o(i.__mathlib_dbl_underflow)
    i._is_digit                              0x080015e0   Section        0  __printf_wp.o(i._is_digit)
    i._sys_exit                              0x080015ee   Section        0  usart.o(i._sys_exit)
    i.accel_self_test                        0x080015f4   Section        0  inv_mpu.o(i.accel_self_test)
    accel_self_test                          0x080015f5   Thumb Code   164  inv_mpu.o(i.accel_self_test)
    i.asin                                   0x0800169c   Section        0  asin.o(i.asin)
    i.atan                                   0x0800190c   Section        0  atan.o(i.atan)
    i.atan2                                  0x08001b2c   Section        0  atan2.o(i.atan2)
    i.decode_gesture                         0x08001cc8   Section        0  inv_mpu_dmp_motion_driver.o(i.decode_gesture)
    decode_gesture                           0x08001cc9   Thumb Code    94  inv_mpu_dmp_motion_driver.o(i.decode_gesture)
    i.delay_init                             0x08001d2c   Section        0  delay.o(i.delay_init)
    i.delay_ms                               0x08001d70   Section        0  delay.o(i.delay_ms)
    i.delay_us                               0x08001dbc   Section        0  delay.o(i.delay_us)
    i.dmp_enable_6x_lp_quat                  0x08001e08   Section        0  inv_mpu_dmp_motion_driver.o(i.dmp_enable_6x_lp_quat)
    i.dmp_enable_feature                     0x08001e44   Section        0  inv_mpu_dmp_motion_driver.o(i.dmp_enable_feature)
    i.dmp_enable_gyro_cal                    0x08002060   Section        0  inv_mpu_dmp_motion_driver.o(i.dmp_enable_gyro_cal)
    i.dmp_enable_lp_quat                     0x080020b8   Section        0  inv_mpu_dmp_motion_driver.o(i.dmp_enable_lp_quat)
    i.dmp_load_motion_driver_firmware        0x080020f4   Section        0  inv_mpu_dmp_motion_driver.o(i.dmp_load_motion_driver_firmware)
    i.dmp_read_fifo                          0x0800210c   Section        0  inv_mpu_dmp_motion_driver.o(i.dmp_read_fifo)
    i.dmp_set_accel_bias                     0x080022d8   Section        0  inv_mpu_dmp_motion_driver.o(i.dmp_set_accel_bias)
    i.dmp_set_fifo_rate                      0x08002408   Section        0  inv_mpu_dmp_motion_driver.o(i.dmp_set_fifo_rate)
    i.dmp_set_gyro_bias                      0x08002478   Section        0  inv_mpu_dmp_motion_driver.o(i.dmp_set_gyro_bias)
    i.dmp_set_orientation                    0x080025a8   Section        0  inv_mpu_dmp_motion_driver.o(i.dmp_set_orientation)
    i.dmp_set_shake_reject_thresh            0x080026e0   Section        0  inv_mpu_dmp_motion_driver.o(i.dmp_set_shake_reject_thresh)
    i.dmp_set_shake_reject_time              0x08002718   Section        0  inv_mpu_dmp_motion_driver.o(i.dmp_set_shake_reject_time)
    i.dmp_set_shake_reject_timeout           0x0800273e   Section        0  inv_mpu_dmp_motion_driver.o(i.dmp_set_shake_reject_timeout)
    i.dmp_set_tap_axes                       0x08002764   Section        0  inv_mpu_dmp_motion_driver.o(i.dmp_set_tap_axes)
    i.dmp_set_tap_count                      0x080027aa   Section        0  inv_mpu_dmp_motion_driver.o(i.dmp_set_tap_count)
    i.dmp_set_tap_thresh                     0x080027d0   Section        0  inv_mpu_dmp_motion_driver.o(i.dmp_set_tap_thresh)
    i.dmp_set_tap_time                       0x08002970   Section        0  inv_mpu_dmp_motion_driver.o(i.dmp_set_tap_time)
    i.dmp_set_tap_time_multi                 0x08002996   Section        0  inv_mpu_dmp_motion_driver.o(i.dmp_set_tap_time_multi)
    i.fputc                                  0x080029bc   Section        0  usart.o(i.fputc)
    i.get_accel_prod_shift                   0x080029d8   Section        0  inv_mpu.o(i.get_accel_prod_shift)
    get_accel_prod_shift                     0x080029d9   Thumb Code   168  inv_mpu.o(i.get_accel_prod_shift)
    i.get_st_biases                          0x08002a8c   Section        0  inv_mpu.o(i.get_st_biases)
    get_st_biases                            0x08002a8d   Thumb Code  1128  inv_mpu.o(i.get_st_biases)
    i.gyro_self_test                         0x08002ef8   Section        0  inv_mpu.o(i.gyro_self_test)
    gyro_self_test                           0x08002ef9   Thumb Code   256  inv_mpu.o(i.gyro_self_test)
    i.inv_orientation_matrix_to_scalar       0x08003008   Section        0  inv_mpu.o(i.inv_orientation_matrix_to_scalar)
    i.inv_row_2_scale                        0x08003030   Section        0  inv_mpu.o(i.inv_row_2_scale)
    i.main                                   0x08003080   Section        0  main.o(i.main)
    i.mget_ms                                0x08003124   Section        0  inv_mpu.o(i.mget_ms)
    i.mpu_configure_fifo                     0x08003128   Section        0  inv_mpu.o(i.mpu_configure_fifo)
    i.mpu_dmp_get_data                       0x08003198   Section        0  inv_mpu.o(i.mpu_dmp_get_data)
    i.mpu_dmp_init                           0x080033bc   Section        0  inv_mpu.o(i.mpu_dmp_init)
    i.mpu_get_accel_fsr                      0x0800345c   Section        0  inv_mpu.o(i.mpu_get_accel_fsr)
    i.mpu_get_accel_sens                     0x080034a8   Section        0  inv_mpu.o(i.mpu_get_accel_sens)
    i.mpu_get_fifo_config                    0x080034fc   Section        0  inv_mpu.o(i.mpu_get_fifo_config)
    i.mpu_get_gyro_fsr                       0x0800350c   Section        0  inv_mpu.o(i.mpu_get_gyro_fsr)
    i.mpu_get_gyro_sens                      0x08003550   Section        0  inv_mpu.o(i.mpu_get_gyro_sens)
    i.mpu_get_lpf                            0x080035a0   Section        0  inv_mpu.o(i.mpu_get_lpf)
    i.mpu_get_sample_rate                    0x080035f0   Section        0  inv_mpu.o(i.mpu_get_sample_rate)
    i.mpu_init                               0x08003610   Section        0  inv_mpu.o(i.mpu_init)
    i.mpu_load_firmware                      0x08003800   Section        0  inv_mpu.o(i.mpu_load_firmware)
    i.mpu_lp_accel_mode                      0x080038b8   Section        0  inv_mpu.o(i.mpu_lp_accel_mode)
    i.mpu_read_fifo_stream                   0x08003998   Section        0  inv_mpu.o(i.mpu_read_fifo_stream)
    i.mpu_read_mem                           0x08003a58   Section        0  inv_mpu.o(i.mpu_read_mem)
    i.mpu_reset_fifo                         0x08003ad8   Section        0  inv_mpu.o(i.mpu_reset_fifo)
    i.mpu_run_self_test                      0x08003ca0   Section        0  inv_mpu.o(i.mpu_run_self_test)
    i.mpu_set_accel_fsr                      0x08003dbc   Section        0  inv_mpu.o(i.mpu_set_accel_fsr)
    i.mpu_set_bypass                         0x08003e40   Section        0  inv_mpu.o(i.mpu_set_bypass)
    i.mpu_set_dmp_state                      0x08003f8c   Section        0  inv_mpu.o(i.mpu_set_dmp_state)
    i.mpu_set_gyro_fsr                       0x0800401c   Section        0  inv_mpu.o(i.mpu_set_gyro_fsr)
    i.mpu_set_int_latched                    0x080040a4   Section        0  inv_mpu.o(i.mpu_set_int_latched)
    i.mpu_set_lpf                            0x08004110   Section        0  inv_mpu.o(i.mpu_set_lpf)
    i.mpu_set_sample_rate                    0x08004194   Section        0  inv_mpu.o(i.mpu_set_sample_rate)
    i.mpu_set_sensors                        0x08004230   Section        0  inv_mpu.o(i.mpu_set_sensors)
    i.mpu_write_mem                          0x08004300   Section        0  inv_mpu.o(i.mpu_write_mem)
    i.run_self_test                          0x08004380   Section        0  inv_mpu.o(i.run_self_test)
    i.set_int_enable                         0x08004414   Section        0  inv_mpu.o(i.set_int_enable)
    set_int_enable                           0x08004415   Thumb Code   138  inv_mpu.o(i.set_int_enable)
    i.sqrt                                   0x080044a4   Section        0  sqrt.o(i.sqrt)
    i.uart_init                              0x080044f0   Section        0  usart.o(i.uart_init)
    x$fpl$d2f                                0x08004590   Section       98  d2f.o(x$fpl$d2f)
    x$fpl$dadd                               0x080045f4   Section      336  daddsub_clz.o(x$fpl$dadd)
    _dadd1                                   0x08004605   Thumb Code     0  daddsub_clz.o(x$fpl$dadd)
    x$fpl$dcheck1                            0x08004744   Section       16  dcheck1.o(x$fpl$dcheck1)
    x$fpl$dcmpinf                            0x08004754   Section       24  dcmpi.o(x$fpl$dcmpinf)
    x$fpl$ddiv                               0x0800476c   Section      688  ddiv.o(x$fpl$ddiv)
    ddiv_entry                               0x08004773   Thumb Code     0  ddiv.o(x$fpl$ddiv)
    x$fpl$deqf                               0x08004a1c   Section      120  deqf.o(x$fpl$deqf)
    x$fpl$dmul                               0x08004a94   Section      340  dmul.o(x$fpl$dmul)
    x$fpl$dnaninf                            0x08004be8   Section      156  dnaninf.o(x$fpl$dnaninf)
    x$fpl$dretinf                            0x08004c84   Section       12  dretinf.o(x$fpl$dretinf)
    x$fpl$drsb                               0x08004c90   Section       22  daddsub_clz.o(x$fpl$drsb)
    x$fpl$dsqrt                              0x08004ca8   Section      460  dsqrt_noumaal.o(x$fpl$dsqrt)
    x$fpl$dsub                               0x08004e74   Section      468  daddsub_clz.o(x$fpl$dsub)
    _dsub1                                   0x08004e85   Thumb Code     0  daddsub_clz.o(x$fpl$dsub)
    x$fpl$f2d                                0x08005048   Section       86  f2d.o(x$fpl$f2d)
    x$fpl$fadd                               0x080050a0   Section      196  faddsub_clz.o(x$fpl$fadd)
    _fadd1                                   0x080050af   Thumb Code     0  faddsub_clz.o(x$fpl$fadd)
    x$fpl$fcmpinf                            0x08005164   Section       24  fcmpi.o(x$fpl$fcmpinf)
    x$fpl$fdiv                               0x0800517c   Section      388  fdiv.o(x$fpl$fdiv)
    _fdiv1                                   0x0800517d   Thumb Code     0  fdiv.o(x$fpl$fdiv)
    x$fpl$feqf                               0x08005300   Section      104  feqf.o(x$fpl$feqf)
    x$fpl$ffix                               0x08005368   Section       54  ffix.o(x$fpl$ffix)
    x$fpl$ffixu                              0x080053a0   Section       62  ffixu.o(x$fpl$ffixu)
    x$fpl$fflt                               0x080053e0   Section       48  fflt_clz.o(x$fpl$fflt)
    x$fpl$ffltu                              0x08005410   Section       38  fflt_clz.o(x$fpl$ffltu)
    x$fpl$fleqf                              0x08005438   Section      104  fleqf.o(x$fpl$fleqf)
    x$fpl$fmul                               0x080054a0   Section      258  fmul.o(x$fpl$fmul)
    x$fpl$fnaninf                            0x080055a2   Section      140  fnaninf.o(x$fpl$fnaninf)
    x$fpl$fretinf                            0x0800562e   Section       10  fretinf.o(x$fpl$fretinf)
    x$fpl$frleqf                             0x08005638   Section       98  frleqf.o(x$fpl$frleqf)
    x$fpl$fsub                               0x0800569c   Section      234  faddsub_clz.o(x$fpl$fsub)
    _fsub1                                   0x080056ab   Thumb Code     0  faddsub_clz.o(x$fpl$fsub)
    x$fpl$retnan                             0x08005786   Section      100  retnan.o(x$fpl$retnan)
    x$fpl$scalbn                             0x080057ea   Section       92  scalbn.o(x$fpl$scalbn)
    x$fpl$trapveneer                         0x08005846   Section       48  trapv.o(x$fpl$trapveneer)
    x$fpl$usenofp                            0x08005876   Section        0  usenofp.o(x$fpl$usenofp)
    .constdata                               0x08005878   Section       80  inv_mpu.o(.constdata)
    .constdata                               0x080058c8   Section     3062  inv_mpu_dmp_motion_driver.o(.constdata)
    dmp_memory                               0x080058c8   Data        3062  inv_mpu_dmp_motion_driver.o(.constdata)
    .constdata                               0x080064be   Section       17  __printf_flags_wp.o(.constdata)
    maptable                                 0x080064be   Data          17  __printf_flags_wp.o(.constdata)
    .constdata                               0x080064d0   Section       80  asin.o(.constdata)
    pS                                       0x080064d0   Data          48  asin.o(.constdata)
    qS                                       0x08006500   Data          32  asin.o(.constdata)
    .constdata                               0x08006520   Section      152  atan.o(.constdata)
    atanhi                                   0x08006520   Data          32  atan.o(.constdata)
    atanlo                                   0x08006540   Data          32  atan.o(.constdata)
    aTodd                                    0x08006560   Data          40  atan.o(.constdata)
    aTeven                                   0x08006588   Data          48  atan.o(.constdata)
    .constdata                               0x080065b8   Section        8  qnan.o(.constdata)
    .conststring                             0x080065c0   Section       77  inv_mpu.o(.conststring)
    .data                                    0x20000000   Section       20  system_stm32f10x.o(.data)
    .data                                    0x20000014   Section       53  inv_mpu.o(.data)
    st                                       0x20000014   Data          44  inv_mpu.o(.data)
    gyro_orientation                         0x20000040   Data           9  inv_mpu.o(.data)
    .data                                    0x2000004a   Section        4  delay.o(.data)
    fac_us                                   0x2000004a   Data           1  delay.o(.data)
    fac_ms                                   0x2000004c   Data           2  delay.o(.data)
    .data                                    0x20000050   Section        6  usart.o(.data)
    .data                                    0x20000056   Section       20  stm32f10x_rcc.o(.data)
    APBAHBPrescTable                         0x20000056   Data          16  stm32f10x_rcc.o(.data)
    ADCPrescTable                            0x20000066   Data           4  stm32f10x_rcc.o(.data)
    .bss                                     0x2000006c   Section       16  inv_mpu_dmp_motion_driver.o(.bss)
    dmp                                      0x2000006c   Data          16  inv_mpu_dmp_motion_driver.o(.bss)
    .bss                                     0x2000007c   Section      200  usart.o(.bss)
    .bss                                     0x20000144   Section       96  libspace.o(.bss)
    HEAP                                     0x200001a8   Section      512  startup_stm32f10x_hd.o(HEAP)
    Heap_Mem                                 0x200001a8   Data         512  startup_stm32f10x_hd.o(HEAP)
    STACK                                    0x200003a8   Section     1024  startup_stm32f10x_hd.o(STACK)
    Stack_Mem                                0x200003a8   Data        1024  startup_stm32f10x_hd.o(STACK)
    __initial_sp                             0x200007a8   Data           0  startup_stm32f10x_hd.o(STACK)

    Global Symbols

    Symbol Name                              Value     Ov Type        Size  Object(Section)

    BuildAttributes$$THM_ISAv4$P$D$K$B$S$PE$A:L22UL41UL21$X:L11$S22US41US21$IEEE1$IW$USESV6$~STKCKD$USESV7$~SHL$OTIME$ROPI$IEEEX$EBA8$UX$STANDARDLIB$REQ8$PRES8$EABIv2 0x00000000   Number         0  anon$$obj.o ABSOLUTE
    __ARM_use_no_argv                        0x00000000   Number         0  main.o ABSOLUTE
    _printf_flags                            0x00000000   Number         0  printf_stubs.o ABSOLUTE
    _printf_return_value                     0x00000000   Number         0  printf_stubs.o ABSOLUTE
    _printf_sizespec                         0x00000000   Number         0  printf_stubs.o ABSOLUTE
    _printf_widthprec                        0x00000000   Number         0  printf_stubs.o ABSOLUTE
    __ARM_exceptions_init                     - Undefined Weak Reference
    __alloca_initialize                       - Undefined Weak Reference
    __arm_fini_                               - Undefined Weak Reference
    __arm_preinit_                            - Undefined Weak Reference
    __cpp_initialize__aeabi_                  - Undefined Weak Reference
    __cxa_finalize                            - Undefined Weak Reference
    __rt_locale                               - Undefined Weak Reference
    __sigvec_lookup                           - Undefined Weak Reference
    _atexit_init                              - Undefined Weak Reference
    _call_atexit_fns                          - Undefined Weak Reference
    _clock_init                               - Undefined Weak Reference
    _fp_trap_init                             - Undefined Weak Reference
    _fp_trap_shutdown                         - Undefined Weak Reference
    _get_lc_collate                           - Undefined Weak Reference
    _get_lc_ctype                             - Undefined Weak Reference
    _get_lc_monetary                          - Undefined Weak Reference
    _get_lc_numeric                           - Undefined Weak Reference
    _get_lc_time                              - Undefined Weak Reference
    _getenv_init                              - Undefined Weak Reference
    _handle_redirection                       - Undefined Weak Reference
    _init_alloc                               - Undefined Weak Reference
    _init_user_alloc                          - Undefined Weak Reference
    _initio                                   - Undefined Weak Reference
    _mutex_acquire                            - Undefined Weak Reference
    _mutex_release                            - Undefined Weak Reference
    _printf_truncate_signed                   - Undefined Weak Reference
    _printf_truncate_unsigned                 - Undefined Weak Reference
    _rand_init                                - Undefined Weak Reference
    _signal_finish                            - Undefined Weak Reference
    _signal_init                              - Undefined Weak Reference
    _terminate_alloc                          - Undefined Weak Reference
    _terminate_user_alloc                     - Undefined Weak Reference
    _terminateio                              - Undefined Weak Reference
    __Vectors_Size                           0x00000130   Number         0  startup_stm32f10x_hd.o ABSOLUTE
    __Vectors                                0x08000000   Data           4  startup_stm32f10x_hd.o(RESET)
    __Vectors_End                            0x08000130   Data           0  startup_stm32f10x_hd.o(RESET)
    __main                                   0x08000131   Thumb Code     8  __main.o(!!!main)
    __scatterload                            0x08000139   Thumb Code     0  __scatter.o(!!!scatter)
    __scatterload_rt2                        0x08000139   Thumb Code    44  __scatter.o(!!!scatter)
    __scatterload_rt2_thumb_only             0x08000139   Thumb Code     0  __scatter.o(!!!scatter)
    __scatterload_null                       0x08000147   Thumb Code     0  __scatter.o(!!!scatter)
    __scatterload_copy                       0x0800016d   Thumb Code    26  __scatter_copy.o(!!handler_copy)
    __scatterload_zeroinit                   0x08000189   Thumb Code    28  __scatter_zi.o(!!handler_zi)
    _printf_d                                0x080001a5   Thumb Code     0  _printf_d.o(.ARM.Collect$$_printf_percent$$00000009)
    _printf_percent                          0x080001a5   Thumb Code     0  _printf_percent.o(.ARM.Collect$$_printf_percent$$00000000)
    _printf_percent_end                      0x080001ab   Thumb Code     0  _printf_percent_end.o(.ARM.Collect$$_printf_percent$$00000017)
    __rt_lib_init                            0x080001af   Thumb Code     0  libinit.o(.ARM.Collect$$libinit$$00000000)
    __rt_lib_init_alloca_1                   0x080001b1   Thumb Code     0  libinit2.o(.ARM.Collect$$libinit$$0000002E)
    __rt_lib_init_argv_1                     0x080001b1   Thumb Code     0  libinit2.o(.ARM.Collect$$libinit$$0000002C)
    __rt_lib_init_atexit_1                   0x080001b1   Thumb Code     0  libinit2.o(.ARM.Collect$$libinit$$0000001B)
    __rt_lib_init_clock_1                    0x080001b1   Thumb Code     0  libinit2.o(.ARM.Collect$$libinit$$00000021)
    __rt_lib_init_cpp_1                      0x080001b1   Thumb Code     0  libinit2.o(.ARM.Collect$$libinit$$00000032)
    __rt_lib_init_exceptions_1               0x080001b1   Thumb Code     0  libinit2.o(.ARM.Collect$$libinit$$00000030)
    __rt_lib_init_fp_1                       0x080001b1   Thumb Code     0  libinit2.o(.ARM.Collect$$libinit$$00000002)
    __rt_lib_init_fp_trap_1                  0x080001b1   Thumb Code     0  libinit2.o(.ARM.Collect$$libinit$$0000001F)
    __rt_lib_init_getenv_1                   0x080001b1   Thumb Code     0  libinit2.o(.ARM.Collect$$libinit$$00000023)
    __rt_lib_init_heap_1                     0x080001b1   Thumb Code     0  libinit2.o(.ARM.Collect$$libinit$$0000000A)
    __rt_lib_init_lc_collate_1               0x080001b1   Thumb Code     0  libinit2.o(.ARM.Collect$$libinit$$00000011)
    __rt_lib_init_lc_ctype_1                 0x080001b1   Thumb Code     0  libinit2.o(.ARM.Collect$$libinit$$00000013)
    __rt_lib_init_lc_monetary_1              0x080001b1   Thumb Code     0  libinit2.o(.ARM.Collect$$libinit$$00000015)
    __rt_lib_init_lc_numeric_1               0x080001b1   Thumb Code     0  libinit2.o(.ARM.Collect$$libinit$$00000017)
    __rt_lib_init_lc_time_1                  0x080001b1   Thumb Code     0  libinit2.o(.ARM.Collect$$libinit$$00000019)
    __rt_lib_init_preinit_1                  0x080001b1   Thumb Code     0  libinit2.o(.ARM.Collect$$libinit$$00000004)
    __rt_lib_init_rand_1                     0x080001b1   Thumb Code     0  libinit2.o(.ARM.Collect$$libinit$$0000000E)
    __rt_lib_init_return                     0x080001b1   Thumb Code     0  libinit2.o(.ARM.Collect$$libinit$$00000033)
    __rt_lib_init_signal_1                   0x080001b1   Thumb Code     0  libinit2.o(.ARM.Collect$$libinit$$0000001D)
    __rt_lib_init_stdio_1                    0x080001b1   Thumb Code     0  libinit2.o(.ARM.Collect$$libinit$$00000025)
    __rt_lib_init_user_alloc_1               0x080001b1   Thumb Code     0  libinit2.o(.ARM.Collect$$libinit$$0000000C)
    __rt_lib_shutdown                        0x080001b3   Thumb Code     0  libshutdown.o(.ARM.Collect$$libshutdown$$00000000)
    __rt_lib_shutdown_cpp_1                  0x080001b5   Thumb Code     0  libshutdown2.o(.ARM.Collect$$libshutdown$$00000004)
    __rt_lib_shutdown_fini_1                 0x080001b5   Thumb Code     0  libshutdown2.o(.ARM.Collect$$libshutdown$$00000002)
    __rt_lib_shutdown_fp_trap_1              0x080001b5   Thumb Code     0  libshutdown2.o(.ARM.Collect$$libshutdown$$00000009)
    __rt_lib_shutdown_heap_1                 0x080001b5   Thumb Code     0  libshutdown2.o(.ARM.Collect$$libshutdown$$00000011)
    __rt_lib_shutdown_return                 0x080001b5   Thumb Code     0  libshutdown2.o(.ARM.Collect$$libshutdown$$00000012)
    __rt_lib_shutdown_signal_1               0x080001b5   Thumb Code     0  libshutdown2.o(.ARM.Collect$$libshutdown$$0000000C)
    __rt_lib_shutdown_stdio_1                0x080001b5   Thumb Code     0  libshutdown2.o(.ARM.Collect$$libshutdown$$00000006)
    __rt_lib_shutdown_user_alloc_1           0x080001b5   Thumb Code     0  libshutdown2.o(.ARM.Collect$$libshutdown$$0000000E)
    __rt_entry                               0x080001b7   Thumb Code     0  __rtentry.o(.ARM.Collect$$rtentry$$00000000)
    __rt_entry_presh_1                       0x080001b7   Thumb Code     0  __rtentry2.o(.ARM.Collect$$rtentry$$00000002)
    __rt_entry_sh                            0x080001b7   Thumb Code     0  __rtentry4.o(.ARM.Collect$$rtentry$$00000004)
    __rt_entry_li                            0x080001bd   Thumb Code     0  __rtentry2.o(.ARM.Collect$$rtentry$$0000000A)
    __rt_entry_postsh_1                      0x080001bd   Thumb Code     0  __rtentry2.o(.ARM.Collect$$rtentry$$00000009)
    __rt_entry_main                          0x080001c1   Thumb Code     0  __rtentry2.o(.ARM.Collect$$rtentry$$0000000D)
    __rt_entry_postli_1                      0x080001c1   Thumb Code     0  __rtentry2.o(.ARM.Collect$$rtentry$$0000000C)
    __rt_exit                                0x080001c9   Thumb Code     0  rtexit.o(.ARM.Collect$$rtexit$$00000000)
    __rt_exit_ls                             0x080001cb   Thumb Code     0  rtexit2.o(.ARM.Collect$$rtexit$$00000003)
    __rt_exit_prels_1                        0x080001cb   Thumb Code     0  rtexit2.o(.ARM.Collect$$rtexit$$00000002)
    __rt_exit_exit                           0x080001cf   Thumb Code     0  rtexit2.o(.ARM.Collect$$rtexit$$00000004)
    Reset_Handler                            0x080001d5   Thumb Code     8  startup_stm32f10x_hd.o(.text)
    ADC1_2_IRQHandler                        0x080001ef   Thumb Code     0  startup_stm32f10x_hd.o(.text)
    ADC3_IRQHandler                          0x080001ef   Thumb Code     0  startup_stm32f10x_hd.o(.text)
    CAN1_RX1_IRQHandler                      0x080001ef   Thumb Code     0  startup_stm32f10x_hd.o(.text)
    CAN1_SCE_IRQHandler                      0x080001ef   Thumb Code     0  startup_stm32f10x_hd.o(.text)
    DMA1_Channel1_IRQHandler                 0x080001ef   Thumb Code     0  startup_stm32f10x_hd.o(.text)
    DMA1_Channel2_IRQHandler                 0x080001ef   Thumb Code     0  startup_stm32f10x_hd.o(.text)
    DMA1_Channel3_IRQHandler                 0x080001ef   Thumb Code     0  startup_stm32f10x_hd.o(.text)
    DMA1_Channel4_IRQHandler                 0x080001ef   Thumb Code     0  startup_stm32f10x_hd.o(.text)
    DMA1_Channel5_IRQHandler                 0x080001ef   Thumb Code     0  startup_stm32f10x_hd.o(.text)
    DMA1_Channel6_IRQHandler                 0x080001ef   Thumb Code     0  startup_stm32f10x_hd.o(.text)
    DMA1_Channel7_IRQHandler                 0x080001ef   Thumb Code     0  startup_stm32f10x_hd.o(.text)
    DMA2_Channel1_IRQHandler                 0x080001ef   Thumb Code     0  startup_stm32f10x_hd.o(.text)
    DMA2_Channel2_IRQHandler                 0x080001ef   Thumb Code     0  startup_stm32f10x_hd.o(.text)
    DMA2_Channel3_IRQHandler                 0x080001ef   Thumb Code     0  startup_stm32f10x_hd.o(.text)
    DMA2_Channel4_5_IRQHandler               0x080001ef   Thumb Code     0  startup_stm32f10x_hd.o(.text)
    EXTI0_IRQHandler                         0x080001ef   Thumb Code     0  startup_stm32f10x_hd.o(.text)
    EXTI15_10_IRQHandler                     0x080001ef   Thumb Code     0  startup_stm32f10x_hd.o(.text)
    EXTI1_IRQHandler                         0x080001ef   Thumb Code     0  startup_stm32f10x_hd.o(.text)
    EXTI2_IRQHandler                         0x080001ef   Thumb Code     0  startup_stm32f10x_hd.o(.text)
    EXTI3_IRQHandler                         0x080001ef   Thumb Code     0  startup_stm32f10x_hd.o(.text)
    EXTI4_IRQHandler                         0x080001ef   Thumb Code     0  startup_stm32f10x_hd.o(.text)
    EXTI9_5_IRQHandler                       0x080001ef   Thumb Code     0  startup_stm32f10x_hd.o(.text)
    FLASH_IRQHandler                         0x080001ef   Thumb Code     0  startup_stm32f10x_hd.o(.text)
    FSMC_IRQHandler                          0x080001ef   Thumb Code     0  startup_stm32f10x_hd.o(.text)
    I2C1_ER_IRQHandler                       0x080001ef   Thumb Code     0  startup_stm32f10x_hd.o(.text)
    I2C1_EV_IRQHandler                       0x080001ef   Thumb Code     0  startup_stm32f10x_hd.o(.text)
    I2C2_ER_IRQHandler                       0x080001ef   Thumb Code     0  startup_stm32f10x_hd.o(.text)
    I2C2_EV_IRQHandler                       0x080001ef   Thumb Code     0  startup_stm32f10x_hd.o(.text)
    PVD_IRQHandler                           0x080001ef   Thumb Code     0  startup_stm32f10x_hd.o(.text)
    RCC_IRQHandler                           0x080001ef   Thumb Code     0  startup_stm32f10x_hd.o(.text)
    RTCAlarm_IRQHandler                      0x080001ef   Thumb Code     0  startup_stm32f10x_hd.o(.text)
    RTC_IRQHandler                           0x080001ef   Thumb Code     0  startup_stm32f10x_hd.o(.text)
    SDIO_IRQHandler                          0x080001ef   Thumb Code     0  startup_stm32f10x_hd.o(.text)
    SPI1_IRQHandler                          0x080001ef   Thumb Code     0  startup_stm32f10x_hd.o(.text)
    SPI2_IRQHandler                          0x080001ef   Thumb Code     0  startup_stm32f10x_hd.o(.text)
    SPI3_IRQHandler                          0x080001ef   Thumb Code     0  startup_stm32f10x_hd.o(.text)
    TAMPER_IRQHandler                        0x080001ef   Thumb Code     0  startup_stm32f10x_hd.o(.text)
    TIM1_BRK_IRQHandler                      0x080001ef   Thumb Code     0  startup_stm32f10x_hd.o(.text)
    TIM1_CC_IRQHandler                       0x080001ef   Thumb Code     0  startup_stm32f10x_hd.o(.text)
    TIM1_TRG_COM_IRQHandler                  0x080001ef   Thumb Code     0  startup_stm32f10x_hd.o(.text)
    TIM1_UP_IRQHandler                       0x080001ef   Thumb Code     0  startup_stm32f10x_hd.o(.text)
    TIM2_IRQHandler                          0x080001ef   Thumb Code     0  startup_stm32f10x_hd.o(.text)
    TIM3_IRQHandler                          0x080001ef   Thumb Code     0  startup_stm32f10x_hd.o(.text)
    TIM4_IRQHandler                          0x080001ef   Thumb Code     0  startup_stm32f10x_hd.o(.text)
    TIM5_IRQHandler                          0x080001ef   Thumb Code     0  startup_stm32f10x_hd.o(.text)
    TIM6_IRQHandler                          0x080001ef   Thumb Code     0  startup_stm32f10x_hd.o(.text)
    TIM7_IRQHandler                          0x080001ef   Thumb Code     0  startup_stm32f10x_hd.o(.text)
    TIM8_BRK_IRQHandler                      0x080001ef   Thumb Code     0  startup_stm32f10x_hd.o(.text)
    TIM8_CC_IRQHandler                       0x080001ef   Thumb Code     0  startup_stm32f10x_hd.o(.text)
    TIM8_TRG_COM_IRQHandler                  0x080001ef   Thumb Code     0  startup_stm32f10x_hd.o(.text)
    TIM8_UP_IRQHandler                       0x080001ef   Thumb Code     0  startup_stm32f10x_hd.o(.text)
    UART4_IRQHandler                         0x080001ef   Thumb Code     0  startup_stm32f10x_hd.o(.text)
    UART5_IRQHandler                         0x080001ef   Thumb Code     0  startup_stm32f10x_hd.o(.text)
    USART2_IRQHandler                        0x080001ef   Thumb Code     0  startup_stm32f10x_hd.o(.text)
    USART3_IRQHandler                        0x080001ef   Thumb Code     0  startup_stm32f10x_hd.o(.text)
    USBWakeUp_IRQHandler                     0x080001ef   Thumb Code     0  startup_stm32f10x_hd.o(.text)
    USB_HP_CAN1_TX_IRQHandler                0x080001ef   Thumb Code     0  startup_stm32f10x_hd.o(.text)
    USB_LP_CAN1_RX0_IRQHandler               0x080001ef   Thumb Code     0  startup_stm32f10x_hd.o(.text)
    WWDG_IRQHandler                          0x080001ef   Thumb Code     0  startup_stm32f10x_hd.o(.text)
    __user_initial_stackheap                 0x080001f1   Thumb Code     0  startup_stm32f10x_hd.o(.text)
    __use_no_semihosting                     0x08000215   Thumb Code     2  use_no_semi_2.o(.text)
    __aeabi_ldivmod                          0x08000217   Thumb Code     0  llsdiv.o(.text)
    _ll_sdiv                                 0x08000217   Thumb Code    72  llsdiv.o(.text)
    __2printf                                0x08000261   Thumb Code    20  noretval__2printf.o(.text)
    _printf_int_dec                          0x08000279   Thumb Code   104  _printf_dec.o(.text)
    __printf                                 0x080002f1   Thumb Code   308  __printf_flags_wp.o(.text)
    memcmp                                   0x08000429   Thumb Code    88  memcmp.o(.text)
    __aeabi_memset                           0x08000481   Thumb Code    16  aeabi_memset.o(.text)
    __use_two_region_memory                  0x08000491   Thumb Code     2  heapauxi.o(.text)
    __rt_heap_escrow$2region                 0x08000493   Thumb Code     2  heapauxi.o(.text)
    __rt_heap_expand$2region                 0x08000495   Thumb Code     2  heapauxi.o(.text)
    __I$use$semihosting                      0x08000497   Thumb Code     0  use_no_semi.o(.text)
    __use_no_semihosting_swi                 0x08000497   Thumb Code     2  use_no_semi.o(.text)
    __aeabi_uldivmod                         0x08000499   Thumb Code     0  lludivv7m.o(.text)
    _ll_udiv                                 0x08000499   Thumb Code   238  lludivv7m.o(.text)
    __read_errno                             0x08000587   Thumb Code    10  _rserrno.o(.text)
    __set_errno                              0x08000591   Thumb Code    12  _rserrno.o(.text)
    _printf_int_common                       0x0800059d   Thumb Code   178  _printf_intcommon.o(.text)
    _printf_char_file                        0x08000651   Thumb Code    32  _printf_char_file.o(.text)
    __aeabi_memclr                           0x08000675   Thumb Code     0  rt_memclr.o(.text)
    __rt_memclr                              0x08000675   Thumb Code    68  rt_memclr.o(.text)
    _memset                                  0x08000679   Thumb Code     0  rt_memclr.o(.text)
    __aeabi_errno_addr                       0x080006b9   Thumb Code     8  rt_errno_addr_intlibspace.o(.text)
    __errno$intlibspace                      0x080006b9   Thumb Code     0  rt_errno_addr_intlibspace.o(.text)
    __rt_errno_addr$intlibspace              0x080006b9   Thumb Code     0  rt_errno_addr_intlibspace.o(.text)
    _printf_char_common                      0x080006cb   Thumb Code    32  _printf_char_common.o(.text)
    ferror                                   0x080006f1   Thumb Code     8  ferror.o(.text)
    __aeabi_memclr4                          0x080006f9   Thumb Code     0  rt_memclr_w.o(.text)
    __aeabi_memclr8                          0x080006f9   Thumb Code     0  rt_memclr_w.o(.text)
    __rt_memclr_w                            0x080006f9   Thumb Code    78  rt_memclr_w.o(.text)
    _memset_w                                0x080006fd   Thumb Code     0  rt_memclr_w.o(.text)
    __user_libspace                          0x08000749   Thumb Code     8  libspace.o(.text)
    __user_perproc_libspace                  0x08000749   Thumb Code     0  libspace.o(.text)
    __user_perthread_libspace                0x08000749   Thumb Code     0  libspace.o(.text)
    __user_setup_stackheap                   0x08000751   Thumb Code    74  sys_stackheap_outer.o(.text)
    exit                                     0x0800079b   Thumb Code    18  exit.o(.text)
    BusFault_Handler                         0x080007ad   Thumb Code     4  stm32f10x_it.o(i.BusFault_Handler)
    DebugMon_Handler                         0x080007b1   Thumb Code     2  stm32f10x_it.o(i.DebugMon_Handler)
    GPIO_Init                                0x080007b3   Thumb Code   278  stm32f10x_gpio.o(i.GPIO_Init)
    GPIO_PinRemapConfig                      0x080008c9   Thumb Code   138  stm32f10x_gpio.o(i.GPIO_PinRemapConfig)
    GPIO_SetBits                             0x08000959   Thumb Code     4  stm32f10x_gpio.o(i.GPIO_SetBits)
    HardFault_Handler                        0x0800095d   Thumb Code     4  stm32f10x_it.o(i.HardFault_Handler)
    LED_Init                                 0x08000961   Thumb Code    50  led.o(i.LED_Init)
    MPU_IIC_Ack                              0x08000999   Thumb Code    62  mpuiic.o(i.MPU_IIC_Ack)
    MPU_IIC_Delay                            0x080009e5   Thumb Code    10  mpuiic.o(i.MPU_IIC_Delay)
    MPU_IIC_Init                             0x080009f1   Thumb Code    50  mpuiic.o(i.MPU_IIC_Init)
    MPU_IIC_NAck                             0x08000a29   Thumb Code    62  mpuiic.o(i.MPU_IIC_NAck)
    MPU_IIC_Read_Byte                        0x08000a75   Thumb Code    94  mpuiic.o(i.MPU_IIC_Read_Byte)
    MPU_IIC_Send_Byte                        0x08000ae1   Thumb Code    80  mpuiic.o(i.MPU_IIC_Send_Byte)
    MPU_IIC_Start                            0x08000b3d   Thumb Code    60  mpuiic.o(i.MPU_IIC_Start)
    MPU_IIC_Stop                             0x08000b85   Thumb Code    58  mpuiic.o(i.MPU_IIC_Stop)
    MPU_IIC_Wait_Ack                         0x08000bcd   Thumb Code    86  mpuiic.o(i.MPU_IIC_Wait_Ack)
    MPU_Init                                 0x08000c31   Thumb Code   180  mpu6050.o(i.MPU_Init)
    MPU_Read_Byte                            0x08000cf1   Thumb Code    58  mpu6050.o(i.MPU_Read_Byte)
    MPU_Read_Len                             0x08000d2b   Thumb Code   116  mpu6050.o(i.MPU_Read_Len)
    MPU_Set_Accel_Fsr                        0x08000d9f   Thumb Code    16  mpu6050.o(i.MPU_Set_Accel_Fsr)
    MPU_Set_Gyro_Fsr                         0x08000daf   Thumb Code    16  mpu6050.o(i.MPU_Set_Gyro_Fsr)
    MPU_Set_LPF                              0x08000dbf   Thumb Code    58  mpu6050.o(i.MPU_Set_LPF)
    MPU_Set_Rate                             0x08000df9   Thumb Code    58  mpu6050.o(i.MPU_Set_Rate)
    MPU_Write_Byte                           0x08000e33   Thumb Code    68  mpu6050.o(i.MPU_Write_Byte)
    MPU_Write_Len                            0x08000e77   Thumb Code    96  mpu6050.o(i.MPU_Write_Len)
    MemManage_Handler                        0x08000ed7   Thumb Code     4  stm32f10x_it.o(i.MemManage_Handler)
    NMI_Handler                              0x08000edb   Thumb Code     2  stm32f10x_it.o(i.NMI_Handler)
    NVIC_Init                                0x08000edd   Thumb Code   100  misc.o(i.NVIC_Init)
    NVIC_PriorityGroupConfig                 0x08000f4d   Thumb Code    10  misc.o(i.NVIC_PriorityGroupConfig)
    PendSV_Handler                           0x08000f61   Thumb Code     2  stm32f10x_it.o(i.PendSV_Handler)
    RCC_APB2PeriphClockCmd                   0x08000f65   Thumb Code    26  stm32f10x_rcc.o(i.RCC_APB2PeriphClockCmd)
    RCC_GetClocksFreq                        0x08000f85   Thumb Code   192  stm32f10x_rcc.o(i.RCC_GetClocksFreq)
    SEND_OULA_ANGLE                          0x08001059   Thumb Code   148  nmswj.o(i.SEND_OULA_ANGLE)
    SVC_Handler                              0x080010ed   Thumb Code     2  stm32f10x_it.o(i.SVC_Handler)
    SysTick_CLKSourceConfig                  0x080011d9   Thumb Code    40  misc.o(i.SysTick_CLKSourceConfig)
    SysTick_Handler                          0x08001201   Thumb Code     2  stm32f10x_it.o(i.SysTick_Handler)
    SystemInit                               0x08001205   Thumb Code    78  system_stm32f10x.o(i.SystemInit)
    USART1_IRQHandler                        0x08001265   Thumb Code   122  usart.o(i.USART1_IRQHandler)
    USART1_SEND_BUF_U8                       0x080012ed   Thumb Code    26  usart.o(i.USART1_SEND_BUF_U8)
    USART1_SEND_DATA_U8                      0x08001309   Thumb Code    28  usart.o(i.USART1_SEND_DATA_U8)
    USART_Cmd                                0x08001329   Thumb Code    24  stm32f10x_usart.o(i.USART_Cmd)
    USART_GetFlagStatus                      0x08001341   Thumb Code    26  stm32f10x_usart.o(i.USART_GetFlagStatus)
    USART_GetITStatus                        0x0800135b   Thumb Code    84  stm32f10x_usart.o(i.USART_GetITStatus)
    USART_ITConfig                           0x080013af   Thumb Code    74  stm32f10x_usart.o(i.USART_ITConfig)
    USART_Init                               0x080013f9   Thumb Code   210  stm32f10x_usart.o(i.USART_Init)
    USART_ReceiveData                        0x080014d1   Thumb Code    10  stm32f10x_usart.o(i.USART_ReceiveData)
    USART_SendData                           0x080014db   Thumb Code     8  stm32f10x_usart.o(i.USART_SendData)
    UsageFault_Handler                       0x080014e3   Thumb Code     4  stm32f10x_it.o(i.UsageFault_Handler)
    __ARM_fpclassify                         0x080014e7   Thumb Code    40  fpclassify.o(i.__ARM_fpclassify)
    __kernel_poly                            0x0800150f   Thumb Code   170  poly.o(i.__kernel_poly)
    __mathlib_dbl_infnan                     0x080015b9   Thumb Code     6  dunder.o(i.__mathlib_dbl_infnan)
    __mathlib_dbl_infnan2                    0x080015bf   Thumb Code     4  dunder.o(i.__mathlib_dbl_infnan2)
    __mathlib_dbl_invalid                    0x080015c3   Thumb Code    12  dunder.o(i.__mathlib_dbl_invalid)
    __mathlib_dbl_underflow                  0x080015d1   Thumb Code    10  dunder.o(i.__mathlib_dbl_underflow)
    _is_digit                                0x080015e1   Thumb Code    14  __printf_wp.o(i._is_digit)
    _sys_exit                                0x080015ef   Thumb Code     6  usart.o(i._sys_exit)
    asin                                     0x0800169d   Thumb Code   572  asin.o(i.asin)
    atan                                     0x0800190d   Thumb Code   474  atan.o(i.atan)
    atan2                                    0x08001b2d   Thumb Code   374  atan2.o(i.atan2)
    delay_init                               0x08001d2d   Thumb Code    50  delay.o(i.delay_init)
    delay_ms                                 0x08001d71   Thumb Code    72  delay.o(i.delay_ms)
    delay_us                                 0x08001dbd   Thumb Code    72  delay.o(i.delay_us)
    dmp_enable_6x_lp_quat                    0x08001e09   Thumb Code    60  inv_mpu_dmp_motion_driver.o(i.dmp_enable_6x_lp_quat)
    dmp_enable_feature                       0x08001e45   Thumb Code   530  inv_mpu_dmp_motion_driver.o(i.dmp_enable_feature)
    dmp_enable_gyro_cal                      0x08002061   Thumb Code    62  inv_mpu_dmp_motion_driver.o(i.dmp_enable_gyro_cal)
    dmp_enable_lp_quat                       0x080020b9   Thumb Code    60  inv_mpu_dmp_motion_driver.o(i.dmp_enable_lp_quat)
    dmp_load_motion_driver_firmware          0x080020f5   Thumb Code    20  inv_mpu_dmp_motion_driver.o(i.dmp_load_motion_driver_firmware)
    dmp_read_fifo                            0x0800210d   Thumb Code   456  inv_mpu_dmp_motion_driver.o(i.dmp_read_fifo)
    dmp_set_accel_bias                       0x080022d9   Thumb Code   300  inv_mpu_dmp_motion_driver.o(i.dmp_set_accel_bias)
    dmp_set_fifo_rate                        0x08002409   Thumb Code    96  inv_mpu_dmp_motion_driver.o(i.dmp_set_fifo_rate)
    dmp_set_gyro_bias                        0x08002479   Thumb Code   294  inv_mpu_dmp_motion_driver.o(i.dmp_set_gyro_bias)
    dmp_set_orientation                      0x080025a9   Thumb Code   290  inv_mpu_dmp_motion_driver.o(i.dmp_set_orientation)
    dmp_set_shake_reject_thresh              0x080026e1   Thumb Code    56  inv_mpu_dmp_motion_driver.o(i.dmp_set_shake_reject_thresh)
    dmp_set_shake_reject_time                0x08002719   Thumb Code    38  inv_mpu_dmp_motion_driver.o(i.dmp_set_shake_reject_time)
    dmp_set_shake_reject_timeout             0x0800273f   Thumb Code    38  inv_mpu_dmp_motion_driver.o(i.dmp_set_shake_reject_timeout)
    dmp_set_tap_axes                         0x08002765   Thumb Code    70  inv_mpu_dmp_motion_driver.o(i.dmp_set_tap_axes)
    dmp_set_tap_count                        0x080027ab   Thumb Code    38  inv_mpu_dmp_motion_driver.o(i.dmp_set_tap_count)
    dmp_set_tap_thresh                       0x080027d1   Thumb Code   396  inv_mpu_dmp_motion_driver.o(i.dmp_set_tap_thresh)
    dmp_set_tap_time                         0x08002971   Thumb Code    38  inv_mpu_dmp_motion_driver.o(i.dmp_set_tap_time)
    dmp_set_tap_time_multi                   0x08002997   Thumb Code    38  inv_mpu_dmp_motion_driver.o(i.dmp_set_tap_time_multi)
    fputc                                    0x080029bd   Thumb Code    24  usart.o(i.fputc)
    inv_orientation_matrix_to_scalar         0x08003009   Thumb Code    40  inv_mpu.o(i.inv_orientation_matrix_to_scalar)
    inv_row_2_scale                          0x08003031   Thumb Code    78  inv_mpu.o(i.inv_row_2_scale)
    main                                     0x08003081   Thumb Code   150  main.o(i.main)
    mget_ms                                  0x08003125   Thumb Code     2  inv_mpu.o(i.mget_ms)
    mpu_configure_fifo                       0x08003129   Thumb Code   106  inv_mpu.o(i.mpu_configure_fifo)
    mpu_dmp_get_data                         0x08003199   Thumb Code   544  inv_mpu.o(i.mpu_dmp_get_data)
    mpu_dmp_init                             0x080033bd   Thumb Code   154  inv_mpu.o(i.mpu_dmp_init)
    mpu_get_accel_fsr                        0x0800345d   Thumb Code    72  inv_mpu.o(i.mpu_get_accel_fsr)
    mpu_get_accel_sens                       0x080034a9   Thumb Code    78  inv_mpu.o(i.mpu_get_accel_sens)
    mpu_get_fifo_config                      0x080034fd   Thumb Code    12  inv_mpu.o(i.mpu_get_fifo_config)
    mpu_get_gyro_fsr                         0x0800350d   Thumb Code    64  inv_mpu.o(i.mpu_get_gyro_fsr)
    mpu_get_gyro_sens                        0x08003551   Thumb Code    58  inv_mpu.o(i.mpu_get_gyro_sens)
    mpu_get_lpf                              0x080035a1   Thumb Code    74  inv_mpu.o(i.mpu_get_lpf)
    mpu_get_sample_rate                      0x080035f1   Thumb Code    26  inv_mpu.o(i.mpu_get_sample_rate)
    mpu_init                                 0x08003611   Thumb Code   416  inv_mpu.o(i.mpu_init)
    mpu_load_firmware                        0x08003801   Thumb Code   180  inv_mpu.o(i.mpu_load_firmware)
    mpu_lp_accel_mode                        0x080038b9   Thumb Code   218  inv_mpu.o(i.mpu_lp_accel_mode)
    mpu_read_fifo_stream                     0x08003999   Thumb Code   186  inv_mpu.o(i.mpu_read_fifo_stream)
    mpu_read_mem                             0x08003a59   Thumb Code   122  inv_mpu.o(i.mpu_read_mem)
    mpu_reset_fifo                           0x08003ad9   Thumb Code   450  inv_mpu.o(i.mpu_reset_fifo)
    mpu_run_self_test                        0x08003ca1   Thumb Code   278  inv_mpu.o(i.mpu_run_self_test)
    mpu_set_accel_fsr                        0x08003dbd   Thumb Code   126  inv_mpu.o(i.mpu_set_accel_fsr)
    mpu_set_bypass                           0x08003e41   Thumb Code   328  inv_mpu.o(i.mpu_set_bypass)
    mpu_set_dmp_state                        0x08003f8d   Thumb Code   138  inv_mpu.o(i.mpu_set_dmp_state)
    mpu_set_gyro_fsr                         0x0800401d   Thumb Code   132  inv_mpu.o(i.mpu_set_gyro_fsr)
    mpu_set_int_latched                      0x080040a5   Thumb Code   102  inv_mpu.o(i.mpu_set_int_latched)
    mpu_set_lpf                              0x08004111   Thumb Code   126  inv_mpu.o(i.mpu_set_lpf)
    mpu_set_sample_rate                      0x08004195   Thumb Code   152  inv_mpu.o(i.mpu_set_sample_rate)
    mpu_set_sensors                          0x08004231   Thumb Code   202  inv_mpu.o(i.mpu_set_sensors)
    mpu_write_mem                            0x08004301   Thumb Code   122  inv_mpu.o(i.mpu_write_mem)
    run_self_test                            0x08004381   Thumb Code   148  inv_mpu.o(i.run_self_test)
    sqrt                                     0x080044a5   Thumb Code    76  sqrt.o(i.sqrt)
    uart_init                                0x080044f1   Thumb Code   152  usart.o(i.uart_init)
    __aeabi_d2f                              0x08004591   Thumb Code     0  d2f.o(x$fpl$d2f)
    _d2f                                     0x08004591   Thumb Code    98  d2f.o(x$fpl$d2f)
    __aeabi_dadd                             0x080045f5   Thumb Code     0  daddsub_clz.o(x$fpl$dadd)
    _dadd                                    0x080045f5   Thumb Code   332  daddsub_clz.o(x$fpl$dadd)
    __fpl_dcheck_NaN1                        0x08004745   Thumb Code    10  dcheck1.o(x$fpl$dcheck1)
    __fpl_dcmp_Inf                           0x08004755   Thumb Code    24  dcmpi.o(x$fpl$dcmpinf)
    __aeabi_ddiv                             0x0800476d   Thumb Code     0  ddiv.o(x$fpl$ddiv)
    _ddiv                                    0x0800476d   Thumb Code   552  ddiv.o(x$fpl$ddiv)
    __aeabi_cdcmpeq                          0x08004a1d   Thumb Code     0  deqf.o(x$fpl$deqf)
    _dcmpeq                                  0x08004a1d   Thumb Code   120  deqf.o(x$fpl$deqf)
    __aeabi_dmul                             0x08004a95   Thumb Code     0  dmul.o(x$fpl$dmul)
    _dmul                                    0x08004a95   Thumb Code   332  dmul.o(x$fpl$dmul)
    __fpl_dnaninf                            0x08004be9   Thumb Code   156  dnaninf.o(x$fpl$dnaninf)
    __fpl_dretinf                            0x08004c85   Thumb Code    12  dretinf.o(x$fpl$dretinf)
    __aeabi_drsub                            0x08004c91   Thumb Code     0  daddsub_clz.o(x$fpl$drsb)
    _drsb                                    0x08004c91   Thumb Code    22  daddsub_clz.o(x$fpl$drsb)
    _dsqrt                                   0x08004ca9   Thumb Code   456  dsqrt_noumaal.o(x$fpl$dsqrt)
    __aeabi_dsub                             0x08004e75   Thumb Code     0  daddsub_clz.o(x$fpl$dsub)
    _dsub                                    0x08004e75   Thumb Code   464  daddsub_clz.o(x$fpl$dsub)
    __aeabi_f2d                              0x08005049   Thumb Code     0  f2d.o(x$fpl$f2d)
    _f2d                                     0x08005049   Thumb Code    86  f2d.o(x$fpl$f2d)
    __aeabi_fadd                             0x080050a1   Thumb Code     0  faddsub_clz.o(x$fpl$fadd)
    _fadd                                    0x080050a1   Thumb Code   196  faddsub_clz.o(x$fpl$fadd)
    __fpl_fcmp_Inf                           0x08005165   Thumb Code    24  fcmpi.o(x$fpl$fcmpinf)
    __aeabi_fdiv                             0x0800517d   Thumb Code     0  fdiv.o(x$fpl$fdiv)
    _fdiv                                    0x0800517d   Thumb Code   384  fdiv.o(x$fpl$fdiv)
    __aeabi_cfcmpeq                          0x08005301   Thumb Code     0  feqf.o(x$fpl$feqf)
    _fcmpeq                                  0x08005301   Thumb Code   104  feqf.o(x$fpl$feqf)
    __aeabi_f2iz                             0x08005369   Thumb Code     0  ffix.o(x$fpl$ffix)
    _ffix                                    0x08005369   Thumb Code    54  ffix.o(x$fpl$ffix)
    __aeabi_f2uiz                            0x080053a1   Thumb Code     0  ffixu.o(x$fpl$ffixu)
    _ffixu                                   0x080053a1   Thumb Code    62  ffixu.o(x$fpl$ffixu)
    __aeabi_i2f                              0x080053e1   Thumb Code     0  fflt_clz.o(x$fpl$fflt)
    _fflt                                    0x080053e1   Thumb Code    48  fflt_clz.o(x$fpl$fflt)
    __aeabi_ui2f                             0x08005411   Thumb Code     0  fflt_clz.o(x$fpl$ffltu)
    _ffltu                                   0x08005411   Thumb Code    38  fflt_clz.o(x$fpl$ffltu)
    __aeabi_cfcmple                          0x08005439   Thumb Code     0  fleqf.o(x$fpl$fleqf)
    _fcmple                                  0x08005439   Thumb Code   104  fleqf.o(x$fpl$fleqf)
    __fpl_fcmple_InfNaN                      0x0800548b   Thumb Code     0  fleqf.o(x$fpl$fleqf)
    __aeabi_fmul                             0x080054a1   Thumb Code     0  fmul.o(x$fpl$fmul)
    _fmul                                    0x080054a1   Thumb Code   258  fmul.o(x$fpl$fmul)
    __fpl_fnaninf                            0x080055a3   Thumb Code   140  fnaninf.o(x$fpl$fnaninf)
    __fpl_fretinf                            0x0800562f   Thumb Code    10  fretinf.o(x$fpl$fretinf)
    __aeabi_cfrcmple                         0x08005639   Thumb Code     0  frleqf.o(x$fpl$frleqf)
    _frcmple                                 0x08005639   Thumb Code    98  frleqf.o(x$fpl$frleqf)
    __aeabi_fsub                             0x0800569d   Thumb Code     0  faddsub_clz.o(x$fpl$fsub)
    _fsub                                    0x0800569d   Thumb Code   234  faddsub_clz.o(x$fpl$fsub)
    __fpl_return_NaN                         0x08005787   Thumb Code   100  retnan.o(x$fpl$retnan)
    __ARM_scalbn                             0x080057eb   Thumb Code    92  scalbn.o(x$fpl$scalbn)
    __fpl_cmpreturn                          0x08005847   Thumb Code    48  trapv.o(x$fpl$trapveneer)
    __I$use$fp                               0x08005876   Number         0  usenofp.o(x$fpl$usenofp)
    reg                                      0x08005878   Data          27  inv_mpu.o(.constdata)
    hw                                       0x08005894   Data          12  inv_mpu.o(.constdata)
    test                                     0x080058a0   Data          40  inv_mpu.o(.constdata)
    __mathlib_zero                           0x080065b8   Data           8  qnan.o(.constdata)
    Region$$Table$$Base                      0x08006610   Number         0  anon$$obj.o(Region$$Table)
    Region$$Table$$Limit                     0x08006630   Number         0  anon$$obj.o(Region$$Table)
    SystemCoreClock                          0x20000000   Data           4  system_stm32f10x.o(.data)
    AHBPrescTable                            0x20000004   Data          16  system_stm32f10x.o(.data)
    __stdout                                 0x20000050   Data           4  usart.o(.data)
    USART_RX_STA                             0x20000054   Data           2  usart.o(.data)
    USART_RX_BUF                             0x2000007c   Data         200  usart.o(.bss)
    __libspace_start                         0x20000144   Data          96  libspace.o(.bss)
    __temporary_stack_top$libspace           0x200001a4   Data           0  libspace.o(.bss)



==============================================================================

Memory Map of the image

  Image Entry point : 0x08000131

  Load Region LR_IROM1 (Base: 0x08000000, Size: 0x0000669c, Max: 0x00010000, ABSOLUTE)

    Execution Region ER_IROM1 (Exec base: 0x08000000, Load base: 0x08000000, Size: 0x00006630, Max: 0x00010000, ABSOLUTE)

    Exec Addr    Load Addr    Size         Type   Attr      Idx    E Section Name        Object

    0x08000000   0x08000000   0x00000130   Data   RO         1055    RESET               startup_stm32f10x_hd.o
    0x08000130   0x08000130   0x00000008   Code   RO         2324  * !!!main             c_w.l(__main.o)
    0x08000138   0x08000138   0x00000034   Code   RO         2653    !!!scatter          c_w.l(__scatter.o)
    0x0800016c   0x0800016c   0x0000001a   Code   RO         2655    !!handler_copy      c_w.l(__scatter_copy.o)
    0x08000186   0x08000186   0x00000002   PAD
    0x08000188   0x08000188   0x0000001c   Code   RO         2657    !!handler_zi        c_w.l(__scatter_zi.o)
    0x080001a4   0x080001a4   0x00000000   Code   RO         2317    .ARM.Collect$$_printf_percent$$00000000  c_w.l(_printf_percent.o)
    0x080001a4   0x080001a4   0x00000006   Code   RO         2316    .ARM.Collect$$_printf_percent$$00000009  c_w.l(_printf_d.o)
    0x080001aa   0x080001aa   0x00000004   Code   RO         2409    .ARM.Collect$$_printf_percent$$00000017  c_w.l(_printf_percent_end.o)
    0x080001ae   0x080001ae   0x00000002   Code   RO         2520    .ARM.Collect$$libinit$$00000000  c_w.l(libinit.o)
    0x080001b0   0x080001b0   0x00000000   Code   RO         2530    .ARM.Collect$$libinit$$00000002  c_w.l(libinit2.o)
    0x080001b0   0x080001b0   0x00000000   Code   RO         2532    .ARM.Collect$$libinit$$00000004  c_w.l(libinit2.o)
    0x080001b0   0x080001b0   0x00000000   Code   RO         2535    .ARM.Collect$$libinit$$0000000A  c_w.l(libinit2.o)
    0x080001b0   0x080001b0   0x00000000   Code   RO         2537    .ARM.Collect$$libinit$$0000000C  c_w.l(libinit2.o)
    0x080001b0   0x080001b0   0x00000000   Code   RO         2539    .ARM.Collect$$libinit$$0000000E  c_w.l(libinit2.o)
    0x080001b0   0x080001b0   0x00000000   Code   RO         2542    .ARM.Collect$$libinit$$00000011  c_w.l(libinit2.o)
    0x080001b0   0x080001b0   0x00000000   Code   RO         2544    .ARM.Collect$$libinit$$00000013  c_w.l(libinit2.o)
    0x080001b0   0x080001b0   0x00000000   Code   RO         2546    .ARM.Collect$$libinit$$00000015  c_w.l(libinit2.o)
    0x080001b0   0x080001b0   0x00000000   Code   RO         2548    .ARM.Collect$$libinit$$00000017  c_w.l(libinit2.o)
    0x080001b0   0x080001b0   0x00000000   Code   RO         2550    .ARM.Collect$$libinit$$00000019  c_w.l(libinit2.o)
    0x080001b0   0x080001b0   0x00000000   Code   RO         2552    .ARM.Collect$$libinit$$0000001B  c_w.l(libinit2.o)
    0x080001b0   0x080001b0   0x00000000   Code   RO         2554    .ARM.Collect$$libinit$$0000001D  c_w.l(libinit2.o)
    0x080001b0   0x080001b0   0x00000000   Code   RO         2556    .ARM.Collect$$libinit$$0000001F  c_w.l(libinit2.o)
    0x080001b0   0x080001b0   0x00000000   Code   RO         2558    .ARM.Collect$$libinit$$00000021  c_w.l(libinit2.o)
    0x080001b0   0x080001b0   0x00000000   Code   RO         2560    .ARM.Collect$$libinit$$00000023  c_w.l(libinit2.o)
    0x080001b0   0x080001b0   0x00000000   Code   RO         2562    .ARM.Collect$$libinit$$00000025  c_w.l(libinit2.o)
    0x080001b0   0x080001b0   0x00000000   Code   RO         2566    .ARM.Collect$$libinit$$0000002C  c_w.l(libinit2.o)
    0x080001b0   0x080001b0   0x00000000   Code   RO         2568    .ARM.Collect$$libinit$$0000002E  c_w.l(libinit2.o)
    0x080001b0   0x080001b0   0x00000000   Code   RO         2570    .ARM.Collect$$libinit$$00000030  c_w.l(libinit2.o)
    0x080001b0   0x080001b0   0x00000000   Code   RO         2572    .ARM.Collect$$libinit$$00000032  c_w.l(libinit2.o)
    0x080001b0   0x080001b0   0x00000002   Code   RO         2573    .ARM.Collect$$libinit$$00000033  c_w.l(libinit2.o)
    0x080001b2   0x080001b2   0x00000002   Code   RO         2603    .ARM.Collect$$libshutdown$$00000000  c_w.l(libshutdown.o)
    0x080001b4   0x080001b4   0x00000000   Code   RO         2617    .ARM.Collect$$libshutdown$$00000002  c_w.l(libshutdown2.o)
    0x080001b4   0x080001b4   0x00000000   Code   RO         2619    .ARM.Collect$$libshutdown$$00000004  c_w.l(libshutdown2.o)
    0x080001b4   0x080001b4   0x00000000   Code   RO         2621    .ARM.Collect$$libshutdown$$00000006  c_w.l(libshutdown2.o)
    0x080001b4   0x080001b4   0x00000000   Code   RO         2624    .ARM.Collect$$libshutdown$$00000009  c_w.l(libshutdown2.o)
    0x080001b4   0x080001b4   0x00000000   Code   RO         2627    .ARM.Collect$$libshutdown$$0000000C  c_w.l(libshutdown2.o)
    0x080001b4   0x080001b4   0x00000000   Code   RO         2629    .ARM.Collect$$libshutdown$$0000000E  c_w.l(libshutdown2.o)
    0x080001b4   0x080001b4   0x00000000   Code   RO         2632    .ARM.Collect$$libshutdown$$00000011  c_w.l(libshutdown2.o)
    0x080001b4   0x080001b4   0x00000002   Code   RO         2633    .ARM.Collect$$libshutdown$$00000012  c_w.l(libshutdown2.o)
    0x080001b6   0x080001b6   0x00000000   Code   RO         2400    .ARM.Collect$$rtentry$$00000000  c_w.l(__rtentry.o)
    0x080001b6   0x080001b6   0x00000000   Code   RO         2465    .ARM.Collect$$rtentry$$00000002  c_w.l(__rtentry2.o)
    0x080001b6   0x080001b6   0x00000006   Code   RO         2477    .ARM.Collect$$rtentry$$00000004  c_w.l(__rtentry4.o)
    0x080001bc   0x080001bc   0x00000000   Code   RO         2467    .ARM.Collect$$rtentry$$00000009  c_w.l(__rtentry2.o)
    0x080001bc   0x080001bc   0x00000004   Code   RO         2468    .ARM.Collect$$rtentry$$0000000A  c_w.l(__rtentry2.o)
    0x080001c0   0x080001c0   0x00000000   Code   RO         2470    .ARM.Collect$$rtentry$$0000000C  c_w.l(__rtentry2.o)
    0x080001c0   0x080001c0   0x00000008   Code   RO         2471    .ARM.Collect$$rtentry$$0000000D  c_w.l(__rtentry2.o)
    0x080001c8   0x080001c8   0x00000002   Code   RO         2523    .ARM.Collect$$rtexit$$00000000  c_w.l(rtexit.o)
    0x080001ca   0x080001ca   0x00000000   Code   RO         2577    .ARM.Collect$$rtexit$$00000002  c_w.l(rtexit2.o)
    0x080001ca   0x080001ca   0x00000004   Code   RO         2578    .ARM.Collect$$rtexit$$00000003  c_w.l(rtexit2.o)
    0x080001ce   0x080001ce   0x00000006   Code   RO         2579    .ARM.Collect$$rtexit$$00000004  c_w.l(rtexit2.o)
    0x080001d4   0x080001d4   0x00000040   Code   RO         1056    .text               startup_stm32f10x_hd.o
    0x08000214   0x08000214   0x00000002   Code   RO         2260    .text               c_w.l(use_no_semi_2.o)
    0x08000216   0x08000216   0x00000048   Code   RO         2262    .text               c_w.l(llsdiv.o)
    0x0800025e   0x0800025e   0x00000002   PAD
    0x08000260   0x08000260   0x00000018   Code   RO         2266    .text               c_w.l(noretval__2printf.o)
    0x08000278   0x08000278   0x00000078   Code   RO         2272    .text               c_w.l(_printf_dec.o)
    0x080002f0   0x080002f0   0x00000138   Code   RO         2307    .text               c_w.l(__printf_flags_wp.o)
    0x08000428   0x08000428   0x00000058   Code   RO         2318    .text               c_w.l(memcmp.o)
    0x08000480   0x08000480   0x00000010   Code   RO         2320    .text               c_w.l(aeabi_memset.o)
    0x08000490   0x08000490   0x00000006   Code   RO         2322    .text               c_w.l(heapauxi.o)
    0x08000496   0x08000496   0x00000002   Code   RO         2398    .text               c_w.l(use_no_semi.o)
    0x08000498   0x08000498   0x000000ee   Code   RO         2401    .text               c_w.l(lludivv7m.o)
    0x08000586   0x08000586   0x00000016   Code   RO         2403    .text               c_w.l(_rserrno.o)
    0x0800059c   0x0800059c   0x000000b2   Code   RO         2405    .text               c_w.l(_printf_intcommon.o)
    0x0800064e   0x0800064e   0x00000002   PAD
    0x08000650   0x08000650   0x00000024   Code   RO         2407    .text               c_w.l(_printf_char_file.o)
    0x08000674   0x08000674   0x00000044   Code   RO         2410    .text               c_w.l(rt_memclr.o)
    0x080006b8   0x080006b8   0x00000008   Code   RO         2486    .text               c_w.l(rt_errno_addr_intlibspace.o)
    0x080006c0   0x080006c0   0x00000030   Code   RO         2488    .text               c_w.l(_printf_char_common.o)
    0x080006f0   0x080006f0   0x00000008   Code   RO         2490    .text               c_w.l(ferror.o)
    0x080006f8   0x080006f8   0x0000004e   Code   RO         2494    .text               c_w.l(rt_memclr_w.o)
    0x08000746   0x08000746   0x00000002   PAD
    0x08000748   0x08000748   0x00000008   Code   RO         2504    .text               c_w.l(libspace.o)
    0x08000750   0x08000750   0x0000004a   Code   RO         2507    .text               c_w.l(sys_stackheap_outer.o)
    0x0800079a   0x0800079a   0x00000012   Code   RO         2513    .text               c_w.l(exit.o)
    0x080007ac   0x080007ac   0x00000004   Code   RO          133    i.BusFault_Handler  stm32f10x_it.o
    0x080007b0   0x080007b0   0x00000002   Code   RO          134    i.DebugMon_Handler  stm32f10x_it.o
    0x080007b2   0x080007b2   0x00000116   Code   RO         1222    i.GPIO_Init         stm32f10x_gpio.o
    0x080008c8   0x080008c8   0x00000090   Code   RO         1224    i.GPIO_PinRemapConfig  stm32f10x_gpio.o
    0x08000958   0x08000958   0x00000004   Code   RO         1230    i.GPIO_SetBits      stm32f10x_gpio.o
    0x0800095c   0x0800095c   0x00000004   Code   RO          135    i.HardFault_Handler  stm32f10x_it.o
    0x08000960   0x08000960   0x00000038   Code   RO          256    i.LED_Init          led.o
    0x08000998   0x08000998   0x0000004c   Code   RO          268    i.MPU_IIC_Ack       mpuiic.o
    0x080009e4   0x080009e4   0x0000000a   Code   RO          269    i.MPU_IIC_Delay     mpuiic.o
    0x080009ee   0x080009ee   0x00000002   PAD
    0x080009f0   0x080009f0   0x00000038   Code   RO          270    i.MPU_IIC_Init      mpuiic.o
    0x08000a28   0x08000a28   0x0000004c   Code   RO          271    i.MPU_IIC_NAck      mpuiic.o
    0x08000a74   0x08000a74   0x0000006c   Code   RO          272    i.MPU_IIC_Read_Byte  mpuiic.o
    0x08000ae0   0x08000ae0   0x0000005c   Code   RO          273    i.MPU_IIC_Send_Byte  mpuiic.o
    0x08000b3c   0x08000b3c   0x00000048   Code   RO          274    i.MPU_IIC_Start     mpuiic.o
    0x08000b84   0x08000b84   0x00000048   Code   RO          275    i.MPU_IIC_Stop      mpuiic.o
    0x08000bcc   0x08000bcc   0x00000064   Code   RO          276    i.MPU_IIC_Wait_Ack  mpuiic.o
    0x08000c30   0x08000c30   0x000000c0   Code   RO          331    i.MPU_Init          mpu6050.o
    0x08000cf0   0x08000cf0   0x0000003a   Code   RO          332    i.MPU_Read_Byte     mpu6050.o
    0x08000d2a   0x08000d2a   0x00000074   Code   RO          333    i.MPU_Read_Len      mpu6050.o
    0x08000d9e   0x08000d9e   0x00000010   Code   RO          334    i.MPU_Set_Accel_Fsr  mpu6050.o
    0x08000dae   0x08000dae   0x00000010   Code   RO          335    i.MPU_Set_Gyro_Fsr  mpu6050.o
    0x08000dbe   0x08000dbe   0x0000003a   Code   RO          336    i.MPU_Set_LPF       mpu6050.o
    0x08000df8   0x08000df8   0x0000003a   Code   RO          337    i.MPU_Set_Rate      mpu6050.o
    0x08000e32   0x08000e32   0x00000044   Code   RO          338    i.MPU_Write_Byte    mpu6050.o
    0x08000e76   0x08000e76   0x00000060   Code   RO          339    i.MPU_Write_Len     mpu6050.o
    0x08000ed6   0x08000ed6   0x00000004   Code   RO          136    i.MemManage_Handler  stm32f10x_it.o
    0x08000eda   0x08000eda   0x00000002   Code   RO          137    i.NMI_Handler       stm32f10x_it.o
    0x08000edc   0x08000edc   0x00000070   Code   RO         1060    i.NVIC_Init         misc.o
    0x08000f4c   0x08000f4c   0x00000014   Code   RO         1061    i.NVIC_PriorityGroupConfig  misc.o
    0x08000f60   0x08000f60   0x00000002   Code   RO          138    i.PendSV_Handler    stm32f10x_it.o
    0x08000f62   0x08000f62   0x00000002   PAD
    0x08000f64   0x08000f64   0x00000020   Code   RO         1334    i.RCC_APB2PeriphClockCmd  stm32f10x_rcc.o
    0x08000f84   0x08000f84   0x000000d4   Code   RO         1342    i.RCC_GetClocksFreq  stm32f10x_rcc.o
    0x08001058   0x08001058   0x00000094   Code   RO          923    i.SEND_OULA_ANGLE   nmswj.o
    0x080010ec   0x080010ec   0x00000002   Code   RO          139    i.SVC_Handler       stm32f10x_it.o
    0x080010ee   0x080010ee   0x00000008   Code   RO          222    i.SetSysClock       system_stm32f10x.o
    0x080010f6   0x080010f6   0x00000002   PAD
    0x080010f8   0x080010f8   0x000000e0   Code   RO          223    i.SetSysClockTo72   system_stm32f10x.o
    0x080011d8   0x080011d8   0x00000028   Code   RO         1064    i.SysTick_CLKSourceConfig  misc.o
    0x08001200   0x08001200   0x00000002   Code   RO          140    i.SysTick_Handler   stm32f10x_it.o
    0x08001202   0x08001202   0x00000002   PAD
    0x08001204   0x08001204   0x00000060   Code   RO          225    i.SystemInit        system_stm32f10x.o
    0x08001264   0x08001264   0x00000088   Code   RO          990    i.USART1_IRQHandler  usart.o
    0x080012ec   0x080012ec   0x0000001a   Code   RO          991    i.USART1_SEND_BUF_U8  usart.o
    0x08001306   0x08001306   0x00000002   PAD
    0x08001308   0x08001308   0x00000020   Code   RO          992    i.USART1_SEND_DATA_U8  usart.o
    0x08001328   0x08001328   0x00000018   Code   RO         1534    i.USART_Cmd         stm32f10x_usart.o
    0x08001340   0x08001340   0x0000001a   Code   RO         1537    i.USART_GetFlagStatus  stm32f10x_usart.o
    0x0800135a   0x0800135a   0x00000054   Code   RO         1538    i.USART_GetITStatus  stm32f10x_usart.o
    0x080013ae   0x080013ae   0x0000004a   Code   RO         1540    i.USART_ITConfig    stm32f10x_usart.o
    0x080013f8   0x080013f8   0x000000d8   Code   RO         1541    i.USART_Init        stm32f10x_usart.o
    0x080014d0   0x080014d0   0x0000000a   Code   RO         1548    i.USART_ReceiveData  stm32f10x_usart.o
    0x080014da   0x080014da   0x00000008   Code   RO         1551    i.USART_SendData    stm32f10x_usart.o
    0x080014e2   0x080014e2   0x00000004   Code   RO          141    i.UsageFault_Handler  stm32f10x_it.o
    0x080014e6   0x080014e6   0x00000028   Code   RO         2451    i.__ARM_fpclassify  m_ws.l(fpclassify.o)
    0x0800150e   0x0800150e   0x000000aa   Code   RO         2453    i.__kernel_poly     m_ws.l(poly.o)
    0x080015b8   0x080015b8   0x00000006   Code   RO         2438    i.__mathlib_dbl_infnan  m_ws.l(dunder.o)
    0x080015be   0x080015be   0x00000004   Code   RO         2439    i.__mathlib_dbl_infnan2  m_ws.l(dunder.o)
    0x080015c2   0x080015c2   0x0000000c   Code   RO         2440    i.__mathlib_dbl_invalid  m_ws.l(dunder.o)
    0x080015ce   0x080015ce   0x00000002   PAD
    0x080015d0   0x080015d0   0x00000010   Code   RO         2443    i.__mathlib_dbl_underflow  m_ws.l(dunder.o)
    0x080015e0   0x080015e0   0x0000000e   Code   RO         2305    i._is_digit         c_w.l(__printf_wp.o)
    0x080015ee   0x080015ee   0x00000006   Code   RO          993    i._sys_exit         usart.o
    0x080015f4   0x080015f4   0x000000a8   Code   RO          406    i.accel_self_test   inv_mpu.o
    0x0800169c   0x0800169c   0x00000270   Code   RO         2381    i.asin              m_ws.l(asin.o)
    0x0800190c   0x0800190c   0x00000220   Code   RO         2428    i.atan              m_ws.l(atan.o)
    0x08001b2c   0x08001b2c   0x0000019c   Code   RO         2391    i.atan2             m_ws.l(atan2.o)
    0x08001cc8   0x08001cc8   0x00000064   Code   RO          737    i.decode_gesture    inv_mpu_dmp_motion_driver.o
    0x08001d2c   0x08001d2c   0x00000044   Code   RO          935    i.delay_init        delay.o
    0x08001d70   0x08001d70   0x0000004c   Code   RO          936    i.delay_ms          delay.o
    0x08001dbc   0x08001dbc   0x0000004c   Code   RO          937    i.delay_us          delay.o
    0x08001e08   0x08001e08   0x0000003c   Code   RO          738    i.dmp_enable_6x_lp_quat  inv_mpu_dmp_motion_driver.o
    0x08001e44   0x08001e44   0x0000021c   Code   RO          739    i.dmp_enable_feature  inv_mpu_dmp_motion_driver.o
    0x08002060   0x08002060   0x00000058   Code   RO          740    i.dmp_enable_gyro_cal  inv_mpu_dmp_motion_driver.o
    0x080020b8   0x080020b8   0x0000003c   Code   RO          741    i.dmp_enable_lp_quat  inv_mpu_dmp_motion_driver.o
    0x080020f4   0x080020f4   0x00000018   Code   RO          746    i.dmp_load_motion_driver_firmware  inv_mpu_dmp_motion_driver.o
    0x0800210c   0x0800210c   0x000001cc   Code   RO          747    i.dmp_read_fifo     inv_mpu_dmp_motion_driver.o
    0x080022d8   0x080022d8   0x00000130   Code   RO          750    i.dmp_set_accel_bias  inv_mpu_dmp_motion_driver.o
    0x08002408   0x08002408   0x00000070   Code   RO          751    i.dmp_set_fifo_rate  inv_mpu_dmp_motion_driver.o
    0x08002478   0x08002478   0x00000130   Code   RO          752    i.dmp_set_gyro_bias  inv_mpu_dmp_motion_driver.o
    0x080025a8   0x080025a8   0x00000138   Code   RO          754    i.dmp_set_orientation  inv_mpu_dmp_motion_driver.o
    0x080026e0   0x080026e0   0x00000038   Code   RO          757    i.dmp_set_shake_reject_thresh  inv_mpu_dmp_motion_driver.o
    0x08002718   0x08002718   0x00000026   Code   RO          758    i.dmp_set_shake_reject_time  inv_mpu_dmp_motion_driver.o
    0x0800273e   0x0800273e   0x00000026   Code   RO          759    i.dmp_set_shake_reject_timeout  inv_mpu_dmp_motion_driver.o
    0x08002764   0x08002764   0x00000046   Code   RO          760    i.dmp_set_tap_axes  inv_mpu_dmp_motion_driver.o
    0x080027aa   0x080027aa   0x00000026   Code   RO          761    i.dmp_set_tap_count  inv_mpu_dmp_motion_driver.o
    0x080027d0   0x080027d0   0x000001a0   Code   RO          762    i.dmp_set_tap_thresh  inv_mpu_dmp_motion_driver.o
    0x08002970   0x08002970   0x00000026   Code   RO          763    i.dmp_set_tap_time  inv_mpu_dmp_motion_driver.o
    0x08002996   0x08002996   0x00000026   Code   RO          764    i.dmp_set_tap_time_multi  inv_mpu_dmp_motion_driver.o
    0x080029bc   0x080029bc   0x0000001c   Code   RO          994    i.fputc             usart.o
    0x080029d8   0x080029d8   0x000000b4   Code   RO          407    i.get_accel_prod_shift  inv_mpu.o
    0x08002a8c   0x08002a8c   0x0000046c   Code   RO          408    i.get_st_biases     inv_mpu.o
    0x08002ef8   0x08002ef8   0x00000110   Code   RO          409    i.gyro_self_test    inv_mpu.o
    0x08003008   0x08003008   0x00000028   Code   RO          410    i.inv_orientation_matrix_to_scalar  inv_mpu.o
    0x08003030   0x08003030   0x0000004e   Code   RO          411    i.inv_row_2_scale   inv_mpu.o
    0x0800307e   0x0800307e   0x00000002   PAD
    0x08003080   0x08003080   0x000000a4   Code   RO            1    i.main              main.o
    0x08003124   0x08003124   0x00000002   Code   RO          412    i.mget_ms           inv_mpu.o
    0x08003126   0x08003126   0x00000002   PAD
    0x08003128   0x08003128   0x00000070   Code   RO          413    i.mpu_configure_fifo  inv_mpu.o
    0x08003198   0x08003198   0x00000224   Code   RO          414    i.mpu_dmp_get_data  inv_mpu.o
    0x080033bc   0x080033bc   0x000000a0   Code   RO          415    i.mpu_dmp_init      inv_mpu.o
    0x0800345c   0x0800345c   0x0000004c   Code   RO          416    i.mpu_get_accel_fsr  inv_mpu.o
    0x080034a8   0x080034a8   0x00000054   Code   RO          418    i.mpu_get_accel_sens  inv_mpu.o
    0x080034fc   0x080034fc   0x00000010   Code   RO          423    i.mpu_get_fifo_config  inv_mpu.o
    0x0800350c   0x0800350c   0x00000044   Code   RO          424    i.mpu_get_gyro_fsr  inv_mpu.o
    0x08003550   0x08003550   0x00000050   Code   RO          426    i.mpu_get_gyro_sens  inv_mpu.o
    0x080035a0   0x080035a0   0x00000050   Code   RO          428    i.mpu_get_lpf       inv_mpu.o
    0x080035f0   0x080035f0   0x00000020   Code   RO          430    i.mpu_get_sample_rate  inv_mpu.o
    0x08003610   0x08003610   0x000001f0   Code   RO          432    i.mpu_init          inv_mpu.o
    0x08003800   0x08003800   0x000000b8   Code   RO          433    i.mpu_load_firmware  inv_mpu.o
    0x080038b8   0x080038b8   0x000000e0   Code   RO          434    i.mpu_lp_accel_mode  inv_mpu.o
    0x08003998   0x08003998   0x000000c0   Code   RO          437    i.mpu_read_fifo_stream  inv_mpu.o
    0x08003a58   0x08003a58   0x00000080   Code   RO          438    i.mpu_read_mem      inv_mpu.o
    0x08003ad8   0x08003ad8   0x000001c8   Code   RO          441    i.mpu_reset_fifo    inv_mpu.o
    0x08003ca0   0x08003ca0   0x0000011c   Code   RO          442    i.mpu_run_self_test  inv_mpu.o
    0x08003dbc   0x08003dbc   0x00000084   Code   RO          444    i.mpu_set_accel_fsr  inv_mpu.o
    0x08003e40   0x08003e40   0x0000014c   Code   RO          445    i.mpu_set_bypass    inv_mpu.o
    0x08003f8c   0x08003f8c   0x00000090   Code   RO          447    i.mpu_set_dmp_state  inv_mpu.o
    0x0800401c   0x0800401c   0x00000088   Code   RO          448    i.mpu_set_gyro_fsr  inv_mpu.o
    0x080040a4   0x080040a4   0x0000006c   Code   RO          449    i.mpu_set_int_latched  inv_mpu.o
    0x08004110   0x08004110   0x00000084   Code   RO          451    i.mpu_set_lpf       inv_mpu.o
    0x08004194   0x08004194   0x0000009c   Code   RO          452    i.mpu_set_sample_rate  inv_mpu.o
    0x08004230   0x08004230   0x000000d0   Code   RO          453    i.mpu_set_sensors   inv_mpu.o
    0x08004300   0x08004300   0x00000080   Code   RO          454    i.mpu_write_mem     inv_mpu.o
    0x08004380   0x08004380   0x00000094   Code   RO          455    i.run_self_test     inv_mpu.o
    0x08004414   0x08004414   0x00000090   Code   RO          456    i.set_int_enable    inv_mpu.o
    0x080044a4   0x080044a4   0x0000004c   Code   RO         2457    i.sqrt              m_ws.l(sqrt.o)
    0x080044f0   0x080044f0   0x000000a0   Code   RO          995    i.uart_init         usart.o
    0x08004590   0x08004590   0x00000062   Code   RO         2326    x$fpl$d2f           fz_ws.l(d2f.o)
    0x080045f2   0x080045f2   0x00000002   PAD
    0x080045f4   0x080045f4   0x00000150   Code   RO         2328    x$fpl$dadd          fz_ws.l(daddsub_clz.o)
    0x08004744   0x08004744   0x00000010   Code   RO         2496    x$fpl$dcheck1       fz_ws.l(dcheck1.o)
    0x08004754   0x08004754   0x00000018   Code   RO         2498    x$fpl$dcmpinf       fz_ws.l(dcmpi.o)
    0x0800476c   0x0800476c   0x000002b0   Code   RO         2335    x$fpl$ddiv          fz_ws.l(ddiv.o)
    0x08004a1c   0x08004a1c   0x00000078   Code   RO         2412    x$fpl$deqf          fz_ws.l(deqf.o)
    0x08004a94   0x08004a94   0x00000154   Code   RO         2344    x$fpl$dmul          fz_ws.l(dmul.o)
    0x08004be8   0x08004be8   0x0000009c   Code   RO         2414    x$fpl$dnaninf       fz_ws.l(dnaninf.o)
    0x08004c84   0x08004c84   0x0000000c   Code   RO         2416    x$fpl$dretinf       fz_ws.l(dretinf.o)
    0x08004c90   0x08004c90   0x00000016   Code   RO         2329    x$fpl$drsb          fz_ws.l(daddsub_clz.o)
    0x08004ca6   0x08004ca6   0x00000002   PAD
    0x08004ca8   0x08004ca8   0x000001cc   Code   RO         2502    x$fpl$dsqrt         fz_ws.l(dsqrt_noumaal.o)
    0x08004e74   0x08004e74   0x000001d4   Code   RO         2330    x$fpl$dsub          fz_ws.l(daddsub_clz.o)
    0x08005048   0x08005048   0x00000056   Code   RO         2346    x$fpl$f2d           fz_ws.l(f2d.o)
    0x0800509e   0x0800509e   0x00000002   PAD
    0x080050a0   0x080050a0   0x000000c4   Code   RO         2348    x$fpl$fadd          fz_ws.l(faddsub_clz.o)
    0x08005164   0x08005164   0x00000018   Code   RO         2418    x$fpl$fcmpinf       fz_ws.l(fcmpi.o)
    0x0800517c   0x0800517c   0x00000184   Code   RO         2355    x$fpl$fdiv          fz_ws.l(fdiv.o)
    0x08005300   0x08005300   0x00000068   Code   RO         2358    x$fpl$feqf          fz_ws.l(feqf.o)
    0x08005368   0x08005368   0x00000036   Code   RO         2360    x$fpl$ffix          fz_ws.l(ffix.o)
    0x0800539e   0x0800539e   0x00000002   PAD
    0x080053a0   0x080053a0   0x0000003e   Code   RO         2364    x$fpl$ffixu         fz_ws.l(ffixu.o)
    0x080053de   0x080053de   0x00000002   PAD
    0x080053e0   0x080053e0   0x00000030   Code   RO         2369    x$fpl$fflt          fz_ws.l(fflt_clz.o)
    0x08005410   0x08005410   0x00000026   Code   RO         2368    x$fpl$ffltu         fz_ws.l(fflt_clz.o)
    0x08005436   0x08005436   0x00000002   PAD
    0x08005438   0x08005438   0x00000068   Code   RO         2374    x$fpl$fleqf         fz_ws.l(fleqf.o)
    0x080054a0   0x080054a0   0x00000102   Code   RO         2376    x$fpl$fmul          fz_ws.l(fmul.o)
    0x080055a2   0x080055a2   0x0000008c   Code   RO         2420    x$fpl$fnaninf       fz_ws.l(fnaninf.o)
    0x0800562e   0x0800562e   0x0000000a   Code   RO         2422    x$fpl$fretinf       fz_ws.l(fretinf.o)
    0x08005638   0x08005638   0x00000062   Code   RO         2378    x$fpl$frleqf        fz_ws.l(frleqf.o)
    0x0800569a   0x0800569a   0x00000002   PAD
    0x0800569c   0x0800569c   0x000000ea   Code   RO         2350    x$fpl$fsub          fz_ws.l(faddsub_clz.o)
    0x08005786   0x08005786   0x00000064   Code   RO         2521    x$fpl$retnan        fz_ws.l(retnan.o)
    0x080057ea   0x080057ea   0x0000005c   Code   RO         2424    x$fpl$scalbn        fz_ws.l(scalbn.o)
    0x08005846   0x08005846   0x00000030   Code   RO         2574    x$fpl$trapveneer    fz_ws.l(trapv.o)
    0x08005876   0x08005876   0x00000000   Code   RO         2426    x$fpl$usenofp       fz_ws.l(usenofp.o)
    0x08005876   0x08005876   0x00000002   PAD
    0x08005878   0x08005878   0x00000050   Data   RO          458    .constdata          inv_mpu.o
    0x080058c8   0x080058c8   0x00000bf6   Data   RO          766    .constdata          inv_mpu_dmp_motion_driver.o
    0x080064be   0x080064be   0x00000011   Data   RO         2308    .constdata          c_w.l(__printf_flags_wp.o)
    0x080064cf   0x080064cf   0x00000001   PAD
    0x080064d0   0x080064d0   0x00000050   Data   RO         2382    .constdata          m_ws.l(asin.o)
    0x08006520   0x08006520   0x00000098   Data   RO         2429    .constdata          m_ws.l(atan.o)
    0x080065b8   0x080065b8   0x00000008   Data   RO         2455    .constdata          m_ws.l(qnan.o)
    0x080065c0   0x080065c0   0x0000004d   Data   RO          459    .conststring        inv_mpu.o
    0x0800660d   0x0800660d   0x00000003   PAD
    0x08006610   0x08006610   0x00000020   Data   RO         2651    Region$$Table       anon$$obj.o


    Execution Region RW_IRAM1 (Exec base: 0x20000000, Load base: 0x08006630, Size: 0x000007a8, Max: 0x00005000, ABSOLUTE)

    Exec Addr    Load Addr    Size         Type   Attr      Idx    E Section Name        Object

    0x20000000   0x08006630   0x00000014   Data   RW          226    .data               system_stm32f10x.o
    0x20000014   0x08006644   0x00000035   Data   RW          460    .data               inv_mpu.o
    0x20000049   0x08006679   0x00000001   PAD
    0x2000004a   0x0800667a   0x00000004   Data   RW          938    .data               delay.o
    0x2000004e   0x0800667e   0x00000002   PAD
    0x20000050   0x08006680   0x00000006   Data   RW          997    .data               usart.o
    0x20000056   0x08006686   0x00000014   Data   RW         1362    .data               stm32f10x_rcc.o
    0x2000006a   0x0800669a   0x00000002   PAD
    0x2000006c        -       0x00000010   Zero   RW          765    .bss                inv_mpu_dmp_motion_driver.o
    0x2000007c        -       0x000000c8   Zero   RW          996    .bss                usart.o
    0x20000144        -       0x00000060   Zero   RW         2505    .bss                c_w.l(libspace.o)
    0x200001a4   0x0800669a   0x00000004   PAD
    0x200001a8        -       0x00000200   Zero   RW         1054    HEAP                startup_stm32f10x_hd.o
    0x200003a8        -       0x00000400   Zero   RW         1053    STACK               startup_stm32f10x_hd.o


==============================================================================

Image component sizes


      Code (inc. data)   RO Data    RW Data    ZI Data      Debug   Object Name

       220         26          0          4          0       1707   delay.o
      6860        288        157         53          0      31108   inv_mpu.o
      3096        122       3062          0         16      20718   inv_mpu_dmp_motion_driver.o
        56          6          0          0          0        479   led.o
       164         14          0          0          0     231559   main.o
       172         22          0          0          0       2041   misc.o
       678         12          0          0          0       6255   mpu6050.o
       662        100          0          0          0       4806   mpuiic.o
       148          0          0          0          0        778   nmswj.o
        64         26        304          0       1536        792   startup_stm32f10x_hd.o
       426          6          0          0          0       3321   stm32f10x_gpio.o
        26          0          0          0          0       3666   stm32f10x_it.o
       244         26          0         20          0       3845   stm32f10x_rcc.o
       442          6          0          0          0       6141   stm32f10x_usart.o
         0          0          0          0          0         32   sys.o
       328         28          0         20          0       2065   system_stm32f10x.o
       388         30          0          6        200       5223   usart.o

    ----------------------------------------------------------------------
     13988        712       3558        108       1752     324536   Object Totals
         0          0         32          0          0          0   (incl. Generated)
        14          0          3          5          0          0   (incl. Padding)

    ----------------------------------------------------------------------

      Code (inc. data)   RO Data    RW Data    ZI Data      Debug   Library Member Name

         8          0          0          0          0         68   __main.o
       312          4         17          0          0         92   __printf_flags_wp.o
        14          0          0          0          0         68   __printf_wp.o
         0          0          0          0          0          0   __rtentry.o
        12          0          0          0          0          0   __rtentry2.o
         6          0          0          0          0          0   __rtentry4.o
        52          8          0          0          0          0   __scatter.o
        26          0          0          0          0          0   __scatter_copy.o
        28          0          0          0          0          0   __scatter_zi.o
        48          6          0          0          0         96   _printf_char_common.o
        36          4          0          0          0         80   _printf_char_file.o
         6          0          0          0          0          0   _printf_d.o
       120         16          0          0          0         92   _printf_dec.o
       178          0          0          0          0         88   _printf_intcommon.o
         0          0          0          0          0          0   _printf_percent.o
         4          0          0          0          0          0   _printf_percent_end.o
        22          0          0          0          0        100   _rserrno.o
        16          0          0          0          0         68   aeabi_memset.o
        18          0          0          0          0         80   exit.o
         8          0          0          0          0         68   ferror.o
         6          0          0          0          0        152   heapauxi.o
         2          0          0          0          0          0   libinit.o
         2          0          0          0          0          0   libinit2.o
         2          0          0          0          0          0   libshutdown.o
         2          0          0          0          0          0   libshutdown2.o
         8          4          0          0         96         68   libspace.o
        72          0          0          0          0         76   llsdiv.o
       238          0          0          0          0        100   lludivv7m.o
        88          0          0          0          0         76   memcmp.o
        24          4          0          0          0         84   noretval__2printf.o
         8          4          0          0          0         68   rt_errno_addr_intlibspace.o
        68          0          0          0          0         68   rt_memclr.o
        78          0          0          0          0         80   rt_memclr_w.o
         2          0          0          0          0          0   rtexit.o
        10          0          0          0          0          0   rtexit2.o
        74          0          0          0          0         80   sys_stackheap_outer.o
         2          0          0          0          0         68   use_no_semi.o
         2          0          0          0          0         68   use_no_semi_2.o
        98          4          0          0          0         92   d2f.o
       826         16          0          0          0        348   daddsub_clz.o
        16          4          0          0          0         68   dcheck1.o
        24          0          0          0          0         68   dcmpi.o
       688        140          0          0          0        208   ddiv.o
       120          4          0          0          0         92   deqf.o
       340         12          0          0          0        104   dmul.o
       156          4          0          0          0         92   dnaninf.o
        12          0          0          0          0         68   dretinf.o
       460         56          0          0          0        120   dsqrt_noumaal.o
        86          4          0          0          0         84   f2d.o
       430          8          0          0          0        168   faddsub_clz.o
        24          0          0          0          0         68   fcmpi.o
       388         76          0          0          0         96   fdiv.o
       104          4          0          0          0         84   feqf.o
        54          4          0          0          0         84   ffix.o
        62          4          0          0          0         84   ffixu.o
        86          0          0          0          0        136   fflt_clz.o
       104          4          0          0          0         84   fleqf.o
       258          4          0          0          0         84   fmul.o
       140          4          0          0          0         84   fnaninf.o
        10          0          0          0          0         68   fretinf.o
        98          0          0          0          0         68   frleqf.o
       100          0          0          0          0         68   retnan.o
        92          0          0          0          0         68   scalbn.o
        48          0          0          0          0         68   trapv.o
         0          0          0          0          0          0   usenofp.o
       624         52         80          0          0        168   asin.o
       544         70        152          0          0        124   atan.o
       412         38          0          0          0        144   atan2.o
        38          6          0          0          0        272   dunder.o
        40          0          0          0          0         68   fpclassify.o
       170          0          0          0          0         96   poly.o
         0          0          8          0          0          0   qnan.o
        76          0          0          0          0         84   sqrt.o

    ----------------------------------------------------------------------
      8356        568        258          0        100       5500   Library Totals
        26          0          1          0          4          0   (incl. Padding)

    ----------------------------------------------------------------------

      Code (inc. data)   RO Data    RW Data    ZI Data      Debug   Library Name

      1602         50         17          0         96       1888   c_w.l
      4824        352          0          0          0       2656   fz_ws.l
      1904        166        240          0          0        956   m_ws.l

    ----------------------------------------------------------------------
      8356        568        258          0        100       5500   Library Totals

    ----------------------------------------------------------------------

==============================================================================


      Code (inc. data)   RO Data    RW Data    ZI Data      Debug   

     22344       1280       3816        108       1852     321452   Grand Totals
     22344       1280       3816        108       1852     321452   ELF Image Totals
     22344       1280       3816        108          0          0   ROM Totals

==============================================================================

    Total RO  Size (Code + RO Data)                26160 (  25.55kB)
    Total RW  Size (RW Data + ZI Data)              1960 (   1.91kB)
    Total ROM Size (Code + RO Data + RW Data)      26268 (  25.65kB)

==============================================================================

